
===== capture started 2026-08-08 14:40:39 =====
--- armed, watch mode confirmed 14:40:43 ---
14:40:44.241        3017  FFFFFF77F7FFF  D17,D25,D29
14:41:06.648       25249  FFFFFF77B7FFF  D17,D20,D25,D29
14:41:07.597       26202  FFFFFF77B3FFF  D16,D17,D20,D25,D29
14:41:11.453       29537  FFFFFF73B3FFF  D16,D17,D20,D24,D25,D29
14:41:11.454       29539  FFFFFF7BB3FFF  D16,D17,D20,D24,D29
14:41:12.451       31007  FFFFFF7FB3FFF  D16,D17,D20,D29
14:41:13.454       31988  FFFFFF83B3FFF  D16,D17,D20,D24,D25,D26,D27,D28
14:41:13.976       32913  FFFFFF87B3FFF  D16,D17,D20,D25,D26,D27,D28
14:41:15.289       33825  FFFFFF83B3FFF  D16,D17,D20,D24,D25,D26,D27,D28
14:41:15.289       33828  FFFFFF8BB3FFF  D16,D17,D20,D24,D26,D27,D28
14:41:16.203       34739  FFFFFF8FB3FFF  D16,D17,D20,D26,D27,D28
14:41:16.985       35640  FFFFFF87B3FFF  D16,D17,D20,D25,D26,D27,D28
14:41:16.986       35642  FFFFFF93B3FFF  D16,D17,D20,D24,D25,D27,D28
14:41:18.034       36555  FFFFFF97B3FFF  D16,D17,D20,D25,D27,D28
14:41:18.966       37477  FFFFFF93B3FFF  D16,D17,D20,D24,D25,D27,D28
14:41:18.966       37480  FFFFFF9BB3FFF  D16,D17,D20,D24,D27,D28
14:41:19.836       38342  FFFFFF9FB3FFF  D16,D17,D20,D27,D28
14:41:20.778       39264  FFFFFFA3B3FFF  D16,D17,D20,D24,D25,D26,D28
14:41:21.693       40178  FFFFFFA7B3FFF  D16,D17,D20,D25,D26,D28
14:41:23.035       41567  FFFFFFA3B3FFF  D16,D17,D20,D24,D25,D26,D28
14:41:23.035       41569  FFFFFFABB3FFF  D16,D17,D20,D24,D26,D28
14:41:24.451       42917  FFFFFFAFB3FFF  D16,D17,D20,D26,D28
14:41:25.380       43830  FFFFFFB3B3FFF  D16,D17,D20,D24,D25,D28
14:41:26.066       44734  FFFFFFB7B3FFF  D16,D17,D20,D25,D28
14:41:27.177       45616  FFFFFFB3B3FFF  D16,D17,D20,D24,D25,D28
14:41:27.177       45618  FFFFFFBBB3FFF  D16,D17,D20,D24,D28
14:41:28.078       46530  FFFFFFBFB3FFF  D16,D17,D20,D28
14:41:29.019       47431  FFFFFFC3B3FFF  D16,D17,D20,D24,D25,D26,D27
14:41:29.918       48347  FFFFFFC7B3FFF  D16,D17,D20,D25,D26,D27
14:41:30.849       49259  FFFFFFC3B3FFF  D16,D17,D20,D24,D25,D26,D27
14:41:30.850       49262  FFFFFFCBB3FFF  D16,D17,D20,D24,D26,D27
14:41:31.762       50183  FFFFFFCFB3FFF  D16,D17,D20,D26,D27
14:41:32.902       51294  FFFFFFC3B3FFF  D16,D17,D20,D24,D25,D26,D27
14:41:32.902       51297  FFFFFFD3B3FFF  D16,D17,D20,D24,D25,D27
14:41:34.272       52674  FFFFFFD7B3FFF  D16,D17,D20,D25,D27
14:41:35.251       54152  FFFFFFD3B3FFF  D16,D17,D20,D24,D25,D27
14:41:35.777       54154  FFFFFFDBB3FFF  D16,D17,D20,D24,D27
14:41:37.209       55582  FFFFFFDFB3FFF  D16,D17,D20,D27
14:41:38.141       56762  FFFFFFE3B3FFF  D16,D17,D20,D24,D25,D26
14:41:39.453       57806  FFFFFFE7B3FFF  D16,D17,D20,D25,D26
14:41:40.445       58787  FFFFFFE3B3FFF  D16,D17,D20,D24,D25,D26
14:41:40.445       58790  FFFFFFEBB3FFF  D16,D17,D20,D24,D26
14:41:40.960       59312  FFFFFFEBB3FFF  D16,D17,D20,D24,D26
14:41:41.753       60098  FFFFFFEFB3FFF  D16,D17,D20,D26
14:41:43.213       61526  FFFFFFE3B3FFF  D16,D17,D20,D24,D25,D26
14:41:43.213       61528  FFFFFFF3B3FFF  D16,D17,D20,D24,D25
14:41:45.055       63314  FFFFFFF7B3FFF  D16,D17,D20,D25
14:41:45.055       63363  FFFFFFF793FFF  D16,D17,D19,D20,D25
14:41:45.055       63366  FFFFFFF7D3FFF  D16,D17,D19,D25
14:41:48.623       66922  FFFFFFF7D7FFF  D17,D19,D25
14:41:57.516       75741  FFFFFFF7F7FFF  D17,D25
14:42:41.149      119060  FFFFFFF7F7FFF  D17,D25
14:43:41.626      179075  FFFFFFF7F7FFF  D17,D25
14:44:42.065      239060  FFFFFFF7F7FFF  D17,D25
14:44:58.186      255068  FFFFFFF7FFFFF  D25
14:44:58.873      255745  FFFFFFF7F7FFF  D17,D25
14:45:42.526      299071  FFFFFFF7F7FFF  D17,D25
14:46:42.959      359055  FFFFFFF7F7FFF  D17,D25
14:46:44.872      360955  FFFFFFF7D7FFF  D17,D19,D25
14:46:59.646      375616  FFFFFFF7D3FFF  D16,D17,D19,D25
14:47:03.712      379656  FFFFFFF3D3FFF  D16,D17,D19,D24,D25
14:47:05.526      381443  FFFFFFE7D3FFF  D16,D17,D19,D25,D26
14:47:05.526      381446  FFFFFFEFD3FFF  D16,D17,D19,D26
14:47:06.951      382871  FFFFFFEBD3FFF  D16,D17,D19,D24,D26
14:47:08.296      384192  FFFFFFE7D3FFF  D16,D17,D19,D25,D26
14:47:09.271      385174  FFFFFFE3D3FFF  D16,D17,D19,D24,D25,D26
14:47:10.335      386216  FFFFFFCFD3FFF  D16,D17,D19,D26,D27
14:47:10.335      386221  FFFFFFDFD3FFF  D16,D17,D19,D27
14:47:11.509      387397  FFFFFFDBD3FFF  D16,D17,D19,D24,D27
14:47:12.954      388828  FFFFFFD7D3FFF  D16,D17,D19,D25,D27
14:47:14.399      390256  FFFFFFD3D3FFF  D16,D17,D19,D24,D25,D27
14:47:15.848      391686  FFFFFFCFD3FFF  D16,D17,D19,D26,D27
14:47:16.681      392798  FFFFFFCBD3FFF  D16,D17,D19,D24,D26,D27
14:47:17.877      393710  FFFFFFC7D3FFF  D16,D17,D19,D25,D26,D27
14:47:18.801      394624  FFFFFFC3D3FFF  D16,D17,D19,D24,D25,D26,D27
14:47:19.679      395655  FFFFFF83D3FFF  D16,D17,D19,D24,D25,D26,D27,D28
14:47:19.679      395657  FFFFFFBFD3FFF  D16,D17,D19,D28
14:47:21.310      397125  FFFFFFBBD3FFF  D16,D17,D19,D24,D28
14:47:24.279      400059  FFFFFFBBD7FFF  D17,D19,D24,D28
14:47:34.332      409871  FFFFFFBBF7FFF  D17,D24,D28
14:47:34.332      410038  FFFFFFBBB7FFF  D17,D20,D24,D28
14:47:34.816      410941  FFFFFFBBB3FFF  D16,D17,D20,D24,D28
14:47:38.601      414277  FFFFFFBFB3FFF  D16,D17,D20,D28
14:47:40.097      415746  FFFFFFC3B3FFF  D16,D17,D20,D24,D25,D26,D27
14:47:40.861      416739  FFFFFFC7B3FFF  D16,D17,D20,D25,D26,D27
14:47:42.046      417700  FFFFFFC3B3FFF  D16,D17,D20,D24,D25,D26,D27
14:47:42.047      417704  FFFFFFCBB3FFF  D16,D17,D20,D24,D26,D27
14:47:42.915      418566  FFFFFFCFB3FFF  D16,D17,D20,D26,D27
14:47:43.434      419079  FFFFFFCFB3FFF  D16,D17,D20,D26,D27
14:47:43.872      419726  FFFFFFD3B3FFF  D16,D17,D20,D24,D25,D27
14:47:45.476      421106  FFFFFFD7B3FFF  D16,D17,D20,D25,D27
14:47:46.897      422535  FFFFFFD3B3FFF  D16,D17,D20,D24,D25,D27
14:47:46.897      422537  FFFFFFDBB3FFF  D16,D17,D20,D24,D27
14:47:48.409      424014  FFFFFFDFB3FFF  D16,D17,D20,D27
14:47:49.614      425204  FFFFFFE3B3FFF  D16,D17,D20,D24,D25,D26
14:47:50.597      426188  FFFFFFE7B3FFF  D16,D17,D20,D25,D26
14:47:51.606      427190  FFFFFFE3B3FFF  D16,D17,D20,D24,D25,D26
14:47:51.606      427193  FFFFFFEBB3FFF  D16,D17,D20,D24,D26
14:47:52.951      428502  FFFFFFEFB3FFF  D16,D17,D20,D26
14:47:54.371      429920  FFFFFFF3B3FFF  D16,D17,D20,D24,D25
14:47:55.956      431707  FFFFFFF7B3FFF  D16,D17,D20,D25
14:47:55.956      431796  FFFFFFF793FFF  D16,D17,D19,D20,D25
14:47:55.956      431798  FFFFFFF7D3FFF  D16,D17,D19,D25
14:47:59.789      435315  FFFFFFF7D7FFF  D17,D19,D25
14:48:08.731      444184  FFFFFFF7F7FFF  D17,D25
14:48:10.797      446246  FFFFFFF7D7FFF  D17,D19,D25
14:48:11.719      447151  FFFFFFF7D3FFF  D16,D17,D19,D25
14:48:15.791      451200  FFFFFFF3D3FFF  D16,D17,D19,D24,D25
14:48:17.121      452986  FFFFFFEFD3FFF  D16,D17,D19,D26
14:48:19.041      454415  FFFFFFEBD3FFF  D16,D17,D19,D24,D26
14:48:20.144      455726  FFFFFFE3D3FFF  D16,D17,D19,D24,D25,D26
14:48:20.144      455728  FFFFFFE7D3FFF  D16,D17,D19,D25,D26
14:48:21.362      456728  FFFFFFE3D3FFF  D16,D17,D19,D24,D25,D26
14:48:22.414      457751  FFFFFFCFD3FFF  D16,D17,D19,D26,D27
14:48:22.414      457754  FFFFFFDFD3FFF  D16,D17,D19,D27
14:48:23.175      458952  FFFFFFDBD3FFF  D16,D17,D19,D24,D27
14:48:25.054      460381  FFFFFFD3D3FFF  D16,D17,D19,D24,D25,D27
14:48:25.054      460383  FFFFFFD7D3FFF  D16,D17,D19,D25,D27
14:48:26.197      461839  FFFFFFD3D3FFF  D16,D17,D19,D24,D25,D27
14:48:27.935      463240  FFFFFFCFD3FFF  D16,D17,D19,D26,D27
14:48:29.052      464352  FFFFFFCBD3FFF  D16,D17,D19,D24,D26,D27
14:48:29.965      465264  FFFFFFC7D3FFF  D16,D17,D19,D25,D26,D27
14:48:30.882      466167  FFFFFFC3D3FFF  D16,D17,D19,D24,D25,D26,D27
14:48:31.813      467080  FFFFFF83D3FFF  D16,D17,D19,D24,D25,D26,D27,D28
14:48:31.813      467082  FFFFFFBFD3FFF  D16,D17,D19,D28
14:48:32.775      468042  FFFFFFBBD3FFF  D16,D17,D19,D24,D28
14:48:33.650      468918  FFFFFFB7D3FFF  D16,D17,D19,D25,D28
14:48:34.516      469780  FFFFFFB3D3FFF  D16,D17,D19,D24,D25,D28
14:48:35.250      470704  FFFFFFA7D3FFF  D16,D17,D19,D25,D26,D28
14:48:35.250      470708  FFFFFFAFD3FFF  D16,D17,D19,D26,D28
14:48:36.357      471617  FFFFFFABD3FFF  D16,D17,D19,D24,D26,D28
14:48:37.769      473007  FFFFFFA7D3FFF  D16,D17,D19,D25,D26,D28
14:48:39.126      474356  FFFFFFA3D3FFF  D16,D17,D19,D24,D25,D26,D28
14:48:40.055      475259  FFFFFF83D3FFF  D16,D17,D19,D24,D25,D26,D27,D28
14:48:40.056      475261  FFFFFF9FD3FFF  D16,D17,D19,D27,D28
14:48:40.951      476173  FFFFFF9BD3FFF  D16,D17,D19,D24,D27,D28
14:48:41.883      477085  FFFFFF93D3FFF  D16,D17,D19,D24,D25,D27,D28
14:48:41.884      477087  FFFFFF97D3FFF  D16,D17,D19,D25,D27,D28
14:48:42.799      478000  FFFFFF93D3FFF  D16,D17,D19,D24,D25,D27,D28
14:48:43.691      478872  FFFFFF8FD3FFF  D16,D17,D19,D26,D27,D28
14:48:44.329      479404  FFFFFF8FD3FFF  D16,D17,D19,D26,D27,D28
14:48:44.329      479785  FFFFFF8BD3FFF  D16,D17,D19,D24,D26,D27,D28
14:48:45.512      480699  FFFFFF87D3FFF  D16,D17,D19,D25,D26,D27,D28
14:48:46.429      481611  FFFFFF83D3FFF  D16,D17,D19,D24,D25,D26,D27,D28
14:48:47.327      482525  FFFFFF7FD3FFF  D16,D17,D19,D29
14:48:47.766      483438  FFFFFF7BD3FFF  D16,D17,D19,D24,D29
14:48:49.324      484470  FFFFFF77D3FFF  D16,D17,D19,D25,D29
14:48:50.377      485940  FFFFFF73D3FFF  D16,D17,D19,D24,D25,D29
14:48:53.392      488875  FFFFFF73D7FFF  D17,D19,D24,D25,D29
14:48:53.392      488969  FFFFFF73F7FFF  D17,D24,D25,D29
14:49:35.714      530575  FFFFFF73B7FFF  D17,D20,D24,D25,D29
14:49:36.680      531479  FFFFFF73B3FFF  D16,D17,D20,D24,D25,D29
14:49:40.000      534775  FFFFFF77B3FFF  D16,D17,D20,D25,D29
14:49:41.482      536244  FFFFFF7BB3FFF  D16,D17,D20,D24,D29
14:49:42.563      537316  FFFFFF7FB3FFF  D16,D17,D20,D29
14:49:43.659      538387  FFFFFF83B3FFF  D16,D17,D20,D24,D25,D26,D27,D28
14:49:44.778      539427  FFFFFF83B3FFF  D16,D17,D20,D24,D25,D26,D27,D28
14:49:44.779      539896  FFFFFF87B3FFF  D16,D17,D20,D25,D26,D27,D28
14:49:47.795      542711  FFFFFF87B7FFF  D17,D20,D25,D26,D27,D28
14:49:47.795      542807  FFFFFF87F7FFF  D17,D25,D26,D27,D28
14:50:44.551      598854  FFFFFF87D7FFF  D17,D19,D25,D26,D27,D28
14:50:45.228      599365  FFFFFF87D7FFF  D17,D19,D25,D26,D27,D28
14:50:45.228      599768  FFFFFF87D3FFF  D16,D17,D19,D25,D26,D27,D28
14:50:48.774      603043  FFFFFF83D3FFF  D16,D17,D19,D24,D25,D26,D27,D28
14:50:50.301      604531  FFFFFF7FD3FFF  D16,D17,D19,D29
14:50:51.275      605524  FFFFFF7BD3FFF  D16,D17,D19,D24,D29
14:50:52.201      606437  FFFFFF77D3FFF  D16,D17,D19,D25,D29
14:50:53.114      607350  FFFFFF73D3FFF  D16,D17,D19,D24,D25,D29
14:50:54.042      608263  FFFFFF63D3FFF  D16,D17,D19,D24,D25,D26,D29
14:50:54.042      608265  FFFFFF6FD3FFF  D16,D17,D19,D26,D29
14:50:54.957      609177  FFFFFF6BD3FFF  D16,D17,D19,D24,D26,D29
14:50:55.874      610089  FFFFFF67D3FFF  D16,D17,D19,D25,D26,D29
14:50:56.755      610963  FFFFFF63D3FFF  D16,D17,D19,D24,D25,D26,D29
14:50:57.301      611916  FFFFFF4FD3FFF  D16,D17,D19,D26,D27,D29
14:50:57.301      611919  FFFFFF5FD3FFF  D16,D17,D19,D27,D29
14:50:58.676      612869  FFFFFF5BD3FFF  D16,D17,D19,D24,D27,D29
14:50:59.639      613822  FFFFFF57D3FFF  D16,D17,D19,D25,D27,D29
14:51:00.342      614774  FFFFFF53D3FFF  D16,D17,D19,D24,D25,D27,D29
14:51:01.568      615728  FFFFFF43D3FFF  D16,D17,D19,D24,D25,D26,D27,D29
14:51:01.568      615730  FFFFFF4FD3FFF  D16,D17,D19,D26,D27,D29
14:51:02.633      616800  FFFFFF4BD3FFF  D16,D17,D19,D24,D26,D27,D29
14:51:04.569      618467  FFFFFF43D3FFF  D16,D17,D19,D24,D25,D26,D27,D29
14:51:04.569      618469  FFFFFF47D3FFF  D16,D17,D19,D25,D26,D27,D29
14:51:04.569      618547  FFFFFF4793FFF  D16,D17,D19,D20,D25,D26,D27,D29
14:51:04.569      618717  FFFFFF47B3FFF  D16,D17,D20,D25,D26,D27,D29
14:51:07.749      621878  FFFFFF47B7FFF  D17,D20,D25,D26,D27,D29
14:51:19.552      633594  FFFFFF47B3FFF  D16,D17,D20,D25,D26,D27,D29
14:51:23.368      637366  FFFFFF43B3FFF  D16,D17,D20,D24,D25,D26,D27,D29
14:51:23.369      637368  FFFFFF4BB3FFF  D16,D17,D20,D24,D26,D27,D29
14:51:25.056      639045  FFFFFF4FB3FFF  D16,D17,D20,D26,D27,D29
14:51:26.091      640065  FFFFFF43B3FFF  D16,D17,D20,D24,D25,D26,D27,D29
14:51:26.091      640067  FFFFFF53B3FFF  D16,D17,D20,D24,D25,D27,D29
14:51:27.034      641019  FFFFFF57B3FFF  D16,D17,D20,D25,D27,D29
14:51:27.540      641932  FFFFFF5BB3FFF  D16,D17,D20,D24,D27,D29
14:51:28.909      642885  FFFFFF5FB3FFF  D16,D17,D20,D27,D29
14:51:29.882      643837  FFFFFF63B3FFF  D16,D17,D20,D24,D25,D26,D29
14:51:30.567      644791  FFFFFF67B3FFF  D16,D17,D20,D25,D26,D29
14:51:31.763      645703  FFFFFF63B3FFF  D16,D17,D20,D24,D25,D26,D29
14:51:31.763      645706  FFFFFF6BB3FFF  D16,D17,D20,D24,D26,D29
14:51:32.677      646618  FFFFFF6FB3FFF  D16,D17,D20,D26,D29
14:51:33.576      647529  FFFFFF63B3FFF  D16,D17,D20,D24,D25,D26,D29
14:51:33.576      647533  FFFFFF73B3FFF  D16,D17,D20,D24,D25,D29
14:51:34.518      648443  FFFFFF77B3FFF  D16,D17,D20,D25,D29
14:51:35.439      649356  FFFFFF73B3FFF  D16,D17,D20,D24,D25,D29
14:51:35.439      649359  FFFFFF7BB3FFF  D16,D17,D20,D24,D29
14:51:36.353      650270  FFFFFF7FB3FFF  D16,D17,D20,D29
14:51:37.297      651182  FFFFFF83B3FFF  D16,D17,D20,D24,D25,D26,D27,D28
14:51:38.149      652057  FFFFFF87B3FFF  D16,D17,D20,D25,D26,D27,D28
14:51:39.121      653008  FFFFFF83B3FFF  D16,D17,D20,D24,D25,D26,D27,D28
14:51:39.121      653010  FFFFFF8BB3FFF  D16,D17,D20,D24,D26,D27,D28
14:51:39.634      653883  FFFFFF8FB3FFF  D16,D17,D20,D26,D27,D28
14:51:40.930      654794  FFFFFF83B3FFF  D16,D17,D20,D24,D25,D26,D27,D28
14:51:40.930      654796  FFFFFF93B3FFF  D16,D17,D20,D24,D25,D27,D28
14:51:41.831      655710  FFFFFF97B3FFF  D16,D17,D20,D25,D27,D28
14:51:42.649      656621  FFFFFF93B3FFF  D16,D17,D20,D24,D25,D27,D28
14:51:42.649      656623  FFFFFF9BB3FFF  D16,D17,D20,D24,D27,D28
14:51:43.682      657536  FFFFFF9FB3FFF  D16,D17,D20,D27,D28
14:51:44.608      658447  FFFFFF97B3FFF  D16,D17,D20,D25,D27,D28
14:51:44.609      658449  FFFFFFA3B3FFF  D16,D17,D20,D24,D25,D26,D28
14:51:45.533      658977  FFFFFFA3B3FFF  D16,D17,D20,D24,D25,D26,D28
14:51:45.533      659373  FFFFFFA7B3FFF  D16,D17,D20,D25,D26,D28
14:51:46.888      660711  FFFFFFA3B3FFF  D16,D17,D20,D24,D25,D26,D28
14:51:46.888      660714  FFFFFFABB3FFF  D16,D17,D20,D24,D26,D28
14:51:48.244      662072  FFFFFFAFB3FFF  D16,D17,D20,D26,D28
14:51:48.690      662974  FFFFFFB3B3FFF  D16,D17,D20,D24,D25,D28
14:51:50.079      663888  FFFFFFB7B3FFF  D16,D17,D20,D25,D28
14:51:50.995      664800  FFFFFFB3B3FFF  D16,D17,D20,D24,D25,D28
14:51:50.995      664802  FFFFFFBBB3FFF  D16,D17,D20,D24,D28
14:51:51.724      665715  FFFFFFBFB3FFF  D16,D17,D20,D28
14:51:52.809      666587  FFFFFFC3B3FFF  D16,D17,D20,D24,D25,D26,D27
14:51:53.708      667501  FFFFFFC7B3FFF  D16,D17,D20,D25,D26,D27
14:51:54.652      668424  FFFFFFC3B3FFF  D16,D17,D20,D24,D25,D26,D27
14:51:54.653      668427  FFFFFFCBB3FFF  D16,D17,D20,D24,D26,D27
14:51:55.562      669328  FFFFFFCFB3FFF  D16,D17,D20,D26,D27
14:51:56.688      670438  FFFFFFD3B3FFF  D16,D17,D20,D24,D25,D27
14:51:57.769      671868  FFFFFFD7B3FFF  D16,D17,D20,D25,D27
14:51:59.564      673296  FFFFFFD3B3FFF  D16,D17,D20,D24,D25,D27
14:51:59.564      673298  FFFFFFDBB3FFF  D16,D17,D20,D24,D27
14:52:00.792      674778  FFFFFFDFB3FFF  D16,D17,D20,D27
14:52:02.205      675916  FFFFFFE3B3FFF  D16,D17,D20,D24,D25,D26
14:52:03.242      676951  FFFFFFE7B3FFF  D16,D17,D20,D25,D26
14:52:03.807      677952  FFFFFFE3B3FFF  D16,D17,D20,D24,D25,D26
14:52:03.807      677954  FFFFFFEBB3FFF  D16,D17,D20,D24,D26
14:52:05.551      679254  FFFFFFEFB3FFF  D16,D17,D20,D26
14:52:06.823      680681  FFFFFFE3B3FFF  D16,D17,D20,D24,D25,D26
14:52:06.823      680683  FFFFFFF3B3FFF  D16,D17,D20,D24,D25
14:52:08.885      682469  FFFFFFF7B3FFF  D16,D17,D20,D25
14:52:08.885      682557  FFFFFFF793FFF  D16,D17,D19,D20,D25
14:52:08.885      682559  FFFFFFF7D3FFF  D16,D17,D19,D25
14:52:12.438      686077  FFFFFFF7D7FFF  D17,D19,D25
14:52:45.172      718575  FFFFFFF7D7FFF  D17,D19,D25
14:52:53.159      726499  FFFFFFF7D3FFF  D16,D17,D19,D25
14:52:57.350      730668  FFFFFFF3D3FFF  D16,D17,D19,D24,D25
14:53:01.077      734356  FFFFFFF3D7FFF  D17,D19,D24,D25
14:53:15.598      748772  FFFFFFF3D3FFF  D16,D17,D19,D24,D25
14:53:19.287      752424  FFFFFFEFD3FFF  D16,D17,D19,D26
14:53:21.187      754330  FFFFFFEBD3FFF  D16,D17,D19,D24,D26
14:53:22.392      755640  FFFFFFE7D3FFF  D16,D17,D19,D25,D26
14:53:23.519      756632  FFFFFFE3D3FFF  D16,D17,D19,D24,D25,D26
14:53:24.585      757676  FFFFFFCFD3FFF  D16,D17,D19,D26,D27
14:53:24.585      757680  FFFFFFDFD3FFF  D16,D17,D19,D27
14:53:25.420      758856  FFFFFFDBD3FFF  D16,D17,D19,D24,D27
14:53:27.204      760286  FFFFFFD7D3FFF  D16,D17,D19,D25,D27
14:53:28.442      761754  FFFFFFD3D3FFF  D16,D17,D19,D24,D25,D27
14:53:30.083      763145  FFFFFFCFD3FFF  D16,D17,D19,D26,D27
14:53:31.236      764296  FFFFFFCBD3FFF  D16,D17,D19,D24,D26,D27
14:53:32.121      765169  FFFFFFC7D3FFF  D16,D17,D19,D25,D26,D27
14:53:33.048      766093  FFFFFFC3D3FFF  D16,D17,D19,D24,D25,D26,D27
14:53:33.979      766995  FFFFFF83D3FFF  D16,D17,D19,D24,D25,D26,D27,D28
14:53:33.979      766997  FFFFFFBFD3FFF  D16,D17,D19,D28
14:53:34.487      767908  FFFFFFBBD3FFF  D16,D17,D19,D24,D28
14:53:35.807      768821  FFFFFFB3D3FFF  D16,D17,D19,D24,D25,D28
14:53:35.807      768823  FFFFFFB7D3FFF  D16,D17,D19,D25,D28
14:53:36.706      769734  FFFFFFB3D3FFF  D16,D17,D19,D24,D25,D28
14:53:37.496      770648  FFFFFFA7D3FFF  D16,D17,D19,D25,D26,D28
14:53:37.496      770652  FFFFFFAFD3FFF  D16,D17,D19,D26,D28
14:53:38.521      771522  FFFFFFABD3FFF  D16,D17,D19,D24,D26,D28
14:53:39.923      772911  FFFFFFA3D3FFF  D16,D17,D19,D24,D25,D26,D28
14:53:39.924      772913  FFFFFFA7D3FFF  D16,D17,D19,D25,D26,D28
14:53:41.280      774261  FFFFFFA3D3FFF  D16,D17,D19,D24,D25,D26,D28
14:53:42.206      775174  FFFFFF83D3FFF  D16,D17,D19,D24,D25,D26,D27,D28
14:53:42.206      775176  FFFFFF9FD3FFF  D16,D17,D19,D27,D28
14:53:43.117      776087  FFFFFF9BD3FFF  D16,D17,D19,D24,D27,D28
14:53:43.560      777000  FFFFFF97D3FFF  D16,D17,D19,D25,D27,D28
14:53:44.915      777874  FFFFFF93D3FFF  D16,D17,D19,D24,D25,D27,D28
14:53:45.841      778391  FFFFFF93D3FFF  D16,D17,D19,D24,D25,D27,D28
14:53:45.841      778786  FFFFFF83D3FFF  D16,D17,D19,D24,D25,D26,D27,D28
14:53:45.841      778788  FFFFFF8FD3FFF  D16,D17,D19,D26,D27,D28
14:53:46.577      779701  FFFFFF8BD3FFF  D16,D17,D19,D24,D26,D27,D28
14:53:47.682      780613  FFFFFF87D3FFF  D16,D17,D19,D25,D26,D27,D28
14:53:48.598      781527  FFFFFF83D3FFF  D16,D17,D19,D24,D25,D26,D27,D28
14:53:49.550      782440  FFFFFF43D3FFF  D16,D17,D19,D24,D25,D26,D27,D29
14:53:49.550      782442  FFFFFF7FD3FFF  D16,D17,D19,D29
14:53:50.435      783353  FFFFFF7BD3FFF  D16,D17,D19,D24,D29
14:53:51.321      784226  FFFFFF73D3FFF  D16,D17,D19,D24,D25,D29
14:53:51.321      784228  FFFFFF77D3FFF  D16,D17,D19,D25,D29
14:53:52.235      785139  FFFFFF73D3FFF  D16,D17,D19,D24,D25,D29
14:53:53.167      786053  FFFFFF67D3FFF  D16,D17,D19,D25,D26,D29
14:53:53.167      786057  FFFFFF6FD3FFF  D16,D17,D19,D26,D29
14:53:54.070      786965  FFFFFF6BD3FFF  D16,D17,D19,D24,D26,D29
14:53:55.004      787879  FFFFFF67D3FFF  D16,D17,D19,D25,D26,D29
14:53:55.644      788793  FFFFFF63D3FFF  D16,D17,D19,D24,D25,D26,D29
14:53:56.892      789745  FFFFFF43D3FFF  D16,D17,D19,D24,D25,D26,D27,D29
14:53:56.892      789747  FFFFFF5FD3FFF  D16,D17,D19,D27,D29
14:53:57.828      790699  FFFFFF5BD3FFF  D16,D17,D19,D24,D27,D29
14:53:58.658      791651  FFFFFF53D3FFF  D16,D17,D19,D24,D25,D27,D29
14:53:58.659      791653  FFFFFF57D3FFF  D16,D17,D19,D25,D27,D29
14:53:59.751      792604  FFFFFF53D3FFF  D16,D17,D19,D24,D25,D27,D29
14:54:00.687      793518  FFFFFF4FD3FFF  D16,D17,D19,D26,D27,D29
14:54:01.690      794589  FFFFFF4BD3FFF  D16,D17,D19,D24,D26,D27,D29
14:54:03.751      796256  FFFFFF43D3FFF  D16,D17,D19,D24,D25,D26,D27,D29
14:54:03.751      796258  FFFFFF47D3FFF  D16,D17,D19,D25,D26,D27,D29
14:54:03.751      796414  FFFFFF4793FFF  D16,D17,D19,D20,D25,D26,D27,D29
14:54:03.751      796575  FFFFFF47B3FFF  D16,D17,D20,D25,D26,D27,D29
14:54:06.875      799668  FFFFFF47B7FFF  D17,D20,D25,D26,D27,D29
14:54:18.551      811265  FFFFFF47B3FFF  D16,D17,D20,D25,D26,D27,D29
14:54:22.359      815036  FFFFFF43B3FFF  D16,D17,D20,D24,D25,D26,D27,D29
14:54:22.359      815038  FFFFFF4BB3FFF  D16,D17,D20,D24,D26,D27,D29
14:54:24.047      816715  FFFFFF4FB3FFF  D16,D17,D20,D26,D27,D29
14:54:25.081      817735  FFFFFF43B3FFF  D16,D17,D20,D24,D25,D26,D27,D29
14:54:25.081      817737  FFFFFF53B3FFF  D16,D17,D20,D24,D25,D27,D29
14:54:25.868      818690  FFFFFF57B3FFF  D16,D17,D20,D25,D27,D29
14:54:27.001      819641  FFFFFF53B3FFF  D16,D17,D20,D24,D25,D27,D29
14:54:27.001      819643  FFFFFF5BB3FFF  D16,D17,D20,D24,D27,D29
14:54:27.913      820555  FFFFFF5FB3FFF  D16,D17,D20,D27,D29
14:54:28.875      821547  FFFFFF63B3FFF  D16,D17,D20,D24,D25,D26,D29
14:54:29.833      822462  FFFFFF67B3FFF  D16,D17,D20,D25,D26,D29
14:54:30.763      823373  FFFFFF63B3FFF  D16,D17,D20,D24,D25,D26,D29
14:54:30.763      823376  FFFFFF6BB3FFF  D16,D17,D20,D24,D26,D29
14:54:31.673      824288  FFFFFF6FB3FFF  D16,D17,D20,D26,D29
14:54:32.602      825199  FFFFFF63B3FFF  D16,D17,D20,D24,D25,D26,D29
14:54:32.602      825201  FFFFFF73B3FFF  D16,D17,D20,D24,D25,D29
14:54:33.532      826124  FFFFFF77B3FFF  D16,D17,D20,D25,D29
14:54:34.447      827026  FFFFFF73B3FFF  D16,D17,D20,D24,D25,D29
14:54:34.447      827028  FFFFFF7BB3FFF  D16,D17,D20,D24,D29
14:54:34.936      827940  FFFFFF7FB3FFF  D16,D17,D20,D29
14:54:36.304      828852  FFFFFF2BB3FFF  D16,D17,D20,D24,D26,D28,D29
14:54:36.304      828854  FFFFFF83B3FFF  D16,D17,D20,D24,D25,D26,D27,D28
14:54:37.205      829776  FFFFFF87B3FFF  D16,D17,D20,D25,D26,D27,D28
14:54:37.950      830679  FFFFFF83B3FFF  D16,D17,D20,D24,D25,D26,D27,D28
14:54:37.950      830681  FFFFFF8BB3FFF  D16,D17,D20,D24,D26,D27,D28
14:54:38.993      831553  FFFFFF8FB3FFF  D16,D17,D20,D26,D27,D28
14:54:39.924      832465  FFFFFF93B3FFF  D16,D17,D20,D24,D25,D27,D28
14:54:40.833      833380  FFFFFF97B3FFF  D16,D17,D20,D25,D27,D28
14:54:41.762      834291  FFFFFF93B3FFF  D16,D17,D20,D24,D25,D27,D28
14:54:41.762      834293  FFFFFF9BB3FFF  D16,D17,D20,D24,D27,D28
14:54:42.679      835207  FFFFFF9FB3FFF  D16,D17,D20,D27,D28
14:54:43.562      836078  FFFFFFA3B3FFF  D16,D17,D20,D24,D25,D26,D28
14:54:44.537      837043  FFFFFFA7B3FFF  D16,D17,D20,D25,D26,D28
14:54:45.886      838067  FFFFFFA7B3FFF  D16,D17,D20,D25,D26,D28
14:54:45.886      838381  FFFFFFA3B3FFF  D16,D17,D20,D24,D25,D26,D28
14:54:45.887      838383  FFFFFFABB3FFF  D16,D17,D20,D24,D26,D28
14:54:47.027      839733  FFFFFFAFB3FFF  D16,D17,D20,D26,D28
14:54:48.169      840644  FFFFFFA7B3FFF  D16,D17,D20,D25,D26,D28
14:54:48.169      840646  FFFFFFB3B3FFF  D16,D17,D20,D24,D25,D28
14:54:49.076      841559  FFFFFFB7B3FFF  D16,D17,D20,D25,D28
14:54:49.958      842431  FFFFFFBBB3FFF  D16,D17,D20,D24,D28
14:54:50.912      843385  FFFFFFBFB3FFF  D16,D17,D20,D28
14:54:51.811      844257  FFFFFFC3B3FFF  D16,D17,D20,D24,D25,D26,D27
14:54:52.724      845181  FFFFFFC7B3FFF  D16,D17,D20,D25,D26,D27
14:54:53.655      846094  FFFFFFC3B3FFF  D16,D17,D20,D24,D25,D26,D27
14:54:53.655      846098  FFFFFFCBB3FFF  D16,D17,D20,D24,D26,D27
14:54:54.559      847008  FFFFFFCFB3FFF  D16,D17,D20,D26,D27
14:54:55.690      848108  FFFFFFD3B3FFF  D16,D17,D20,D24,D25,D27
14:54:57.080      849499  FFFFFFD7B3FFF  D16,D17,D20,D25,D27
14:54:58.563      850967  FFFFFFD3B3FFF  D16,D17,D20,D24,D25,D27
14:54:58.563      850970  FFFFFFDBB3FFF  D16,D17,D20,D24,D27
14:55:00.039      852448  FFFFFFDFB3FFF  D16,D17,D20,D27
14:55:01.216      853597  FFFFFFCFB3FFF  D16,D17,D20,D26,D27
14:55:01.216      853599  FFFFFFE3B3FFF  D16,D17,D20,D24,D25,D26
14:55:02.137      854621  FFFFFFE7B3FFF  D16,D17,D20,D25,D26
14:55:03.243      855613  FFFFFFE3B3FFF  D16,D17,D20,D24,D25,D26
14:55:03.243      855616  FFFFFFEBB3FFF  D16,D17,D20,D24,D26
14:55:04.569      856934  FFFFFFEFB3FFF  D16,D17,D20,D26
14:55:06.020      858361  FFFFFFE3B3FFF  D16,D17,D20,D24,D25,D26
14:55:06.020      858364  FFFFFFF3B3FFF  D16,D17,D20,D24,D25
14:55:07.926      860139  FFFFFFF7B3FFF  D16,D17,D20,D25
14:55:07.926      860267  FFFFFFF793FFF  D16,D17,D19,D20,D25
14:55:07.926      860269  FFFFFFF7D3FFF  D16,D17,D19,D25
14:55:11.205      863709  FFFFFFF7D7FFF  D17,D19,D25
14:55:23.296      875515  FFFFFFF7F7FFF  D17,D25
14:55:45.990      898056  FFFFFFF7F7FFF  D17,D25
14:56:46.442      958060  FFFFFFF7F7FFF  D17,D25
14:57:16.882      988270  FFFFFFF7D7FFF  D17,D19,D25
14:57:46.879     1018049  FFFFFFF7D7FFF  D17,D19,D25
14:58:47.330     1078048  FFFFFFF7D7FFF  D17,D19,D25
14:59:47.793     1138059  FFFFFFF7D7FFF  D17,D19,D25
15:00:42.198     1192055  FFFFFFF7D3FFF  D16,D17,D19,D25
15:00:46.448     1196274  FFFFFFF3D3FFF  D16,D17,D19,D24,D25
15:00:48.248     1198065  FFFFFFF3D3FFF  D16,D17,D19,D24,D25
15:00:49.717     1199992  FFFFFFF3D7FFF  D17,D19,D24,D25
15:01:00.880     1210597  FFFFFFF3D3FFF  D16,D17,D19,D24,D25
15:01:04.559     1214248  FFFFFFE3D3FFF  D16,D17,D19,D24,D25,D26
15:01:04.559     1214251  FFFFFFEFD3FFF  D16,D17,D19,D26
15:01:06.476     1216154  FFFFFFEBD3FFF  D16,D17,D19,D24,D26
15:01:07.802     1217465  FFFFFFE3D3FFF  D16,D17,D19,D24,D25,D26
15:01:07.802     1217467  FFFFFFE7D3FFF  D16,D17,D19,D25,D26
15:01:08.793     1218457  FFFFFFE3D3FFF  D16,D17,D19,D24,D25,D26
15:01:09.846     1219489  FFFFFFC3D3FFF  D16,D17,D19,D24,D25,D26,D27
15:01:09.846     1219491  FFFFFFDFD3FFF  D16,D17,D19,D27
15:01:10.875     1220681  FFFFFFDBD3FFF  D16,D17,D19,D24,D27
15:01:12.475     1222111  FFFFFFD3D3FFF  D16,D17,D19,D24,D25,D27
15:01:12.476     1222113  FFFFFFD7D3FFF  D16,D17,D19,D25,D27
15:01:13.898     1223579  FFFFFFD3D3FFF  D16,D17,D19,D24,D25,D27
15:01:15.364     1224969  FFFFFFC3D3FFF  D16,D17,D19,D24,D25,D26,D27
15:01:15.364     1224971  FFFFFFCFD3FFF  D16,D17,D19,D26,D27
15:01:16.507     1226121  FFFFFFCBD3FFF  D16,D17,D19,D24,D26,D27
15:01:16.920     1226993  FFFFFFC3D3FFF  D16,D17,D19,D24,D25,D26,D27
15:01:16.920     1226995  FFFFFFC7D3FFF  D16,D17,D19,D25,D26,D27
15:01:18.319     1227907  FFFFFFC3D3FFF  D16,D17,D19,D24,D25,D26,D27
15:01:19.268     1228830  FFFFFFA7D3FFF  D16,D17,D19,D25,D26,D28
15:01:19.268     1228833  FFFFFFBFD3FFF  D16,D17,D19,D28
15:01:19.946     1229733  FFFFFFBBD3FFF  D16,D17,D19,D24,D28
15:01:21.078     1230646  FFFFFFB3D3FFF  D16,D17,D19,D24,D25,D28
15:01:21.078     1230648  FFFFFFB7D3FFF  D16,D17,D19,D25,D28
15:01:21.994     1231560  FFFFFFB3D3FFF  D16,D17,D19,D24,D25,D28
15:01:22.958     1232483  FFFFFFAFD3FFF  D16,D17,D19,D26,D28
15:01:23.799     1233346  FFFFFFABD3FFF  D16,D17,D19,D24,D26,D28
15:01:25.495     1235024  FFFFFFA3D3FFF  D16,D17,D19,D24,D25,D26,D28
15:01:25.495     1235026  FFFFFFA7D3FFF  D16,D17,D19,D25,D26,D28
15:01:29.013     1238822  FFFFFFA7D7FFF  D17,D19,D25,D26,D28
15:01:37.996     1247441  FFFFFFA7F7FFF  D17,D25,D26,D28
15:01:48.694     1258062  FFFFFFA7F7FFF  D17,D25,D26,D28
15:02:49.144     1318064  FFFFFFA7F7FFF  D17,D25,D26,D28
15:03:49.582     1378057  FFFFFFA7F7FFF  D17,D25,D26,D28
15:04:38.082     1426191  FFFFFFA7FFFFF  D25,D26,D28
15:04:38.769     1426868  FFFFFFA7F7FFF  D17,D25,D26,D28
15:04:50.055     1438076  FFFFFFA7F7FFF  D17,D25,D26,D28
15:05:50.475     1498049  FFFFFFA7F7FFF  D17,D25,D26,D28
15:06:50.929     1558052  FFFFFFA7F7FFF  D17,D25,D26,D28
15:07:51.383     1618058  FFFFFFA7F7FFF  D17,D25,D26,D28
15:08:51.832     1678057  FFFFFFA7F7FFF  D17,D25,D26,D28
15:09:01.991     1688143  FFFFFFA7B7FFF  D17,D20,D25,D26,D28
15:09:03.428     1689572  FFFFFFA7B3FFF  D16,D17,D20,D25,D26,D28
15:09:07.644     1693741  FFFFFFA3B3FFF  D16,D17,D20,D24,D25,D26,D28
15:09:07.645     1693743  FFFFFFABB3FFF  D16,D17,D20,D24,D26,D28
15:09:09.357     1695450  FFFFFFAFB3FFF  D16,D17,D20,D26,D28
15:09:10.438     1696520  FFFFFFB3B3FFF  D16,D17,D20,D24,D25,D28
15:09:11.448     1697990  FFFFFFB7B3FFF  D16,D17,D20,D25,D28
15:09:14.470     1700805  FFFFFFB7B7FFF  D17,D20,D25,D28
15:09:24.191     1710178  FFFFFFB7B3FFF  D16,D17,D20,D25,D28
15:09:27.555     1713513  FFFFFFB3B3FFF  D16,D17,D20,D24,D25,D28
15:09:27.556     1713515  FFFFFFBBB3FFF  D16,D17,D20,D24,D28
15:09:29.030     1714983  FFFFFFBFB3FFF  D16,D17,D20,D28
15:09:29.558     1715974  FFFFFFFFB3FFF  D16,D17,D20
15:09:29.558     1715976  FFFFFFC3B3FFF  D16,D17,D20,D24,D25,D26,D27
15:09:30.952     1716888  FFFFFFC7B3FFF  D16,D17,D20,D25,D26,D27
15:09:31.880     1717800  FFFFFFC3B3FFF  D16,D17,D20,D24,D25,D26,D27
15:09:31.881     1717804  FFFFFFCBB3FFF  D16,D17,D20,D24,D26,D27
15:09:32.604     1718725  FFFFFFCFB3FFF  D16,D17,D20,D26,D27
15:09:33.965     1719866  FFFFFFD3B3FFF  D16,D17,D20,D24,D25,D27
15:09:35.361     1721267  FFFFFFD7B3FFF  D16,D17,D20,D25,D27
15:09:36.808     1722694  FFFFFFD3B3FFF  D16,D17,D20,D24,D25,D27
15:09:36.808     1722698  FFFFFFDBB3FFF  D16,D17,D20,D24,D27
15:09:38.270     1724154  FFFFFFDFB3FFF  D16,D17,D20,D27
15:09:39.444     1725304  FFFFFFE3B3FFF  D16,D17,D20,D24,D25,D26
15:09:40.480     1726348  FFFFFFE7B3FFF  D16,D17,D20,D25,D26
15:09:41.471     1727330  FFFFFFEBB3FFF  D16,D17,D20,D24,D26
15:09:42.795     1728642  FFFFFFEFB3FFF  D16,D17,D20,D26
15:09:44.237     1730069  FFFFFFF3B3FFF  D16,D17,D20,D24,D25
15:09:46.165     1731857  FFFFFFF7B3FFF  D16,D17,D20,D25
15:09:46.165     1731975  FFFFFFF793FFF  D16,D17,D19,D20,D25
15:09:46.165     1731977  FFFFFFF7D3FFF  D16,D17,D19,D25
15:09:49.664     1735465  FFFFFFF7D7FFF  D17,D19,D25
15:09:52.291     1738074  FFFFFFF7D7FFF  D17,D19,D25
15:09:58.478     1744204  FFFFFFF7F7FFF  D17,D25
15:10:52.727     1798053  FFFFFFF7F7FFF  D17,D25
15:11:53.195     1858076  FFFFFFF7F7FFF  D17,D25
15:12:12.795     1877764  FFFFFFF7B7FFF  D17,D20,D25
15:12:14.087     1878806  FFFFFFF7B3FFF  D16,D17,D20,D25
15:12:18.162     1882726  FFFFFFF3B3FFF  D16,D17,D20,D24,D25
15:12:18.162     1882728  FFFFFFFBB3FFF  D16,D17,D20,D24
15:12:18.162     1882845  FFFFFFFB93FFF  D16,D17,D19,D20,D24
15:12:18.162     1882849  FFFFFFFBD3FFF  D16,D17,D19,D24
15:12:21.440     1886108  FFFFFFFBD7FFF  D17,D19,D24
15:12:32.194     1896781  FFFFFFFBD3FFF  D16,D17,D19,D24
15:12:36.005     1900563  FFFFFFF3D3FFF  D16,D17,D19,D24,D25
15:12:36.005     1900566  FFFFFFF7D3FFF  D16,D17,D19,D25
15:12:37.986     1902537  FFFFFFF3D3FFF  D16,D17,D19,D24,D25
15:12:39.481     1904007  FFFFFFEFD3FFF  D16,D17,D19,D26
15:12:40.910     1905436  FFFFFFEBD3FFF  D16,D17,D19,D24,D26
15:12:42.206     1906706  FFFFFFE3D3FFF  D16,D17,D19,D24,D25,D26
15:12:42.206     1906708  FFFFFFE7D3FFF  D16,D17,D19,D25,D26
15:12:43.019     1907749  FFFFFFE3D3FFF  D16,D17,D19,D24,D25,D26
15:12:44.250     1908731  FFFFFFCFD3FFF  D16,D17,D19,D26,D27
15:12:44.250     1908736  FFFFFFDFD3FFF  D16,D17,D19,D27
15:12:45.442     1909934  FFFFFFDBD3FFF  D16,D17,D19,D24,D27
15:12:46.932     1911401  FFFFFFD3D3FFF  D16,D17,D19,D24,D25,D27
15:12:46.932     1911404  FFFFFFD7D3FFF  D16,D17,D19,D25,D27
15:12:48.365     1912830  FFFFFFD3D3FFF  D16,D17,D19,D24,D25,D27
15:12:49.770     1914221  FFFFFFCFD3FFF  D16,D17,D19,D26,D27
15:12:50.916     1915371  FFFFFFCBD3FFF  D16,D17,D19,D24,D26,D27
15:12:51.845     1916285  FFFFFFC3D3FFF  D16,D17,D19,D24,D25,D26,D27
15:12:51.845     1916288  FFFFFFC7D3FFF  D16,D17,D19,D25,D26,D27
15:12:52.747     1917189  FFFFFFC3D3FFF  D16,D17,D19,D24,D25,D26,D27
15:12:53.667     1917699  FFFFFFC3D3FFF  D16,D17,D19,D24,D25,D26,D27
15:12:53.667     1918072  FFFFFFAFD3FFF  D16,D17,D19,D26,D28
15:12:53.667     1918075  FFFFFFBFD3FFF  D16,D17,D19,D28
15:12:54.556     1918986  FFFFFFBBD3FFF  D16,D17,D19,D24,D28
15:12:55.103     1919888  FFFFFFB7D3FFF  D16,D17,D19,D25,D28
15:12:56.390     1920801  FFFFFFB3D3FFF  D16,D17,D19,D24,D25,D28
15:12:57.333     1921724  FFFFFFA7D3FFF  D16,D17,D19,D25,D26,D28
15:12:57.333     1921728  FFFFFFAFD3FFF  D16,D17,D19,D26,D28
15:12:58.131     1922638  FFFFFFABD3FFF  D16,D17,D19,D24,D26,D28
15:12:59.592     1923978  FFFFFFA7D3FFF  D16,D17,D19,D25,D26,D28
15:13:00.962     1925338  FFFFFFA3D3FFF  D16,D17,D19,D24,D25,D26,D28
15:13:01.894     1926251  FFFFFF8FD3FFF  D16,D17,D19,D26,D27,D28
15:13:01.894     1926254  FFFFFF9FD3FFF  D16,D17,D19,D27,D28
15:13:02.799     1927153  FFFFFF9BD3FFF  D16,D17,D19,D24,D27,D28
15:13:03.841     1928197  FFFFFF97D3FFF  D16,D17,D19,D25,D27,D28
15:13:05.324     1929665  FFFFFF93D3FFF  D16,D17,D19,D24,D25,D27,D28
15:13:08.269     1932591  FFFFFF93D7FFF  D17,D19,D24,D25,D27,D28
15:13:17.185     1941288  FFFFFF93F7FFF  D17,D24,D25,D27,D28
15:13:17.185     1941447  FFFFFF93D7FFF  D17,D19,D24,D25,D27,D28
15:13:18.235     1942490  FFFFFF93D3FFF  D16,D17,D19,D24,D25,D27,D28
15:13:21.557     1945775  FFFFFF8FD3FFF  D16,D17,D19,D26,D27,D28
15:13:23.041     1947254  FFFFFF8BD3FFF  D16,D17,D19,D24,D26,D27,D28
15:13:24.080     1948275  FFFFFF87D3FFF  D16,D17,D19,D25,D26,D27,D28
15:13:24.999     1949199  FFFFFF83D3FFF  D16,D17,D19,D24,D25,D26,D27,D28
15:13:25.950     1950112  FFFFFF7FD3FFF  D16,D17,D19,D29
15:13:26.835     1951015  FFFFFF7BD3FFF  D16,D17,D19,D24,D29
15:13:27.752     1951928  FFFFFF73D3FFF  D16,D17,D19,D24,D25,D29
15:13:27.752     1951930  FFFFFF77D3FFF  D16,D17,D19,D25,D29
15:13:28.355     1952813  FFFFFF73D3FFF  D16,D17,D19,D24,D25,D29
15:13:29.564     1953716  FFFFFF6FD3FFF  D16,D17,D19,D26,D29
15:13:30.477     1954628  FFFFFF6BD3FFF  D16,D17,D19,D24,D26,D29
15:13:31.373     1955552  FFFFFF67D3FFF  D16,D17,D19,D25,D26,D29
15:13:32.323     1956464  FFFFFF63D3FFF  D16,D17,D19,D24,D25,D26,D29
15:13:33.293     1957419  FFFFFF4FD3FFF  D16,D17,D19,D26,D27,D29
15:13:33.293     1957422  FFFFFF5FD3FFF  D16,D17,D19,D27,D29
15:13:34.235     1958371  FFFFFF5BD3FFF  D16,D17,D19,D24,D27,D29
15:13:35.201     1959323  FFFFFF57D3FFF  D16,D17,D19,D25,D27,D29
15:13:36.227     1960346  FFFFFF53D3FFF  D16,D17,D19,D24,D25,D27,D29
15:13:37.401     1961865  FFFFFF43D3FFF  D16,D17,D19,D24,D25,D26,D27,D29
15:13:37.401     1961867  FFFFFF4FD3FFF  D16,D17,D19,D26,D27,D29
15:13:37.401     1961933  FFFFFF4F93FFF  D16,D17,D19,D20,D26,D27,D29
15:13:37.986     1962094  FFFFFF4FB3FFF  D16,D17,D20,D26,D27,D29
15:13:40.445     1964829  FFFFFF4FB7FFF  D17,D20,D26,D27,D29
15:13:51.514     1975522  FFFFFF4FB3FFF  D16,D17,D20,D26,D27,D29
15:13:53.570     1977554  FFFFFF4FB3FFF  D16,D17,D20,D26,D27,D29
15:13:54.931     1978896  FFFFFF43B3FFF  D16,D17,D20,D24,D25,D26,D27,D29
15:13:54.932     1978898  FFFFFF53B3FFF  D16,D17,D20,D24,D25,D27,D29
15:13:56.436     1980407  FFFFFF57B3FFF  D16,D17,D20,D25,D27,D29
15:13:57.492     1981437  FFFFFF53B3FFF  D16,D17,D20,D24,D25,D27,D29
15:13:57.492     1981440  FFFFFF5BB3FFF  D16,D17,D20,D24,D27,D29
15:13:58.440     1982392  FFFFFF5FB3FFF  D16,D17,D20,D27,D29
15:13:59.418     1983343  FFFFFF63B3FFF  D16,D17,D20,D24,D25,D26,D29
15:14:00.363     1984297  FFFFFF67B3FFF  D16,D17,D20,D25,D26,D29
15:14:01.296     1985210  FFFFFF63B3FFF  D16,D17,D20,D24,D25,D26,D29
15:14:01.296     1985212  FFFFFF6BB3FFF  D16,D17,D20,D24,D26,D29
15:14:02.201     1986124  FFFFFF6FB3FFF  D16,D17,D20,D26,D29
15:14:03.089     1986996  FFFFFF63B3FFF  D16,D17,D20,D24,D25,D26,D29
15:14:03.090     1986998  FFFFFF73B3FFF  D16,D17,D20,D24,D25,D29
15:14:03.996     1987910  FFFFFF77B3FFF  D16,D17,D20,D25,D29
15:14:04.617     1988823  FFFFFF73B3FFF  D16,D17,D20,D24,D25,D29
15:14:04.617     1988825  FFFFFF7BB3FFF  D16,D17,D20,D24,D29
15:14:05.830     1989727  FFFFFF7FB3FFF  D16,D17,D20,D29
15:14:06.782     1990648  FFFFFF83B3FFF  D16,D17,D20,D24,D25,D26,D27,D28
15:14:07.647     1991563  FFFFFF87B3FFF  D16,D17,D20,D25,D26,D27,D28
15:14:08.600     1992465  FFFFFF83B3FFF  D16,D17,D20,D24,D25,D26,D27,D28
15:14:08.600     1992467  FFFFFF8BB3FFF  D16,D17,D20,D24,D26,D27,D28
15:14:09.520     1993379  FFFFFF8FB3FFF  D16,D17,D20,D26,D27,D28
15:14:10.408     1994262  FFFFFF93B3FFF  D16,D17,D20,D24,D25,D27,D28
15:14:11.324     1995176  FFFFFF97B3FFF  D16,D17,D20,D25,D27,D28
15:14:12.243     1996078  FFFFFF93B3FFF  D16,D17,D20,D24,D25,D27,D28
15:14:12.243     1996080  FFFFFF9BB3FFF  D16,D17,D20,D24,D27,D28
15:14:13.167     1997002  FFFFFF9FB3FFF  D16,D17,D20,D27,D28
15:14:13.675     1997915  FFFFFFA3B3FFF  D16,D17,D20,D24,D25,D26,D28
15:14:14.995     1998829  FFFFFFA7B3FFF  D16,D17,D20,D25,D26,D28
15:14:16.365     2000177  FFFFFFA3B3FFF  D16,D17,D20,D24,D25,D26,D28
15:14:16.365     2000179  FFFFFFABB3FFF  D16,D17,D20,D24,D26,D28
15:14:17.723     2001528  FFFFFFAFB3FFF  D16,D17,D20,D26,D28
15:14:18.637     2002429  FFFFFFA3B3FFF  D16,D17,D20,D24,D25,D26,D28
15:14:18.637     2002434  FFFFFFB3B3FFF  D16,D17,D20,D24,D25,D28
15:14:19.562     2003355  FFFFFFB7B3FFF  D16,D17,D20,D25,D28
15:14:20.491     2004267  FFFFFFB3B3FFF  D16,D17,D20,D24,D25,D28
15:14:20.491     2004269  FFFFFFBBB3FFF  D16,D17,D20,D24,D28
15:14:21.406     2005181  FFFFFFBFB3FFF  D16,D17,D20,D28
15:14:22.335     2006083  FFFFFFC3B3FFF  D16,D17,D20,D24,D25,D26,D27
15:14:23.279     2007046  FFFFFFC7B3FFF  D16,D17,D20,D25,D26,D27
15:14:24.120     2007869  FFFFFFC3B3FFF  D16,D17,D20,D24,D25,D26,D27
15:14:24.120     2007872  FFFFFFCBB3FFF  D16,D17,D20,D24,D26,D27
15:14:25.035     2008783  FFFFFFCFB3FFF  D16,D17,D20,D26,D27
15:14:25.768     2009944  FFFFFFC7B3FFF  D16,D17,D20,D25,D26,D27
15:14:25.768     2009946  FFFFFFD3B3FFF  D16,D17,D20,D24,D25,D27
15:14:27.600     2011325  FFFFFFD7B3FFF  D16,D17,D20,D25,D27
15:14:28.799     2012753  FFFFFFDBB3FFF  D16,D17,D20,D24,D27
15:14:30.519     2014223  FFFFFFDFB3FFF  D16,D17,D20,D27
15:14:31.740     2015423  FFFFFFE3B3FFF  D16,D17,D20,D24,D25,D26
15:14:32.719     2016407  FFFFFFE7B3FFF  D16,D17,D20,D25,D26
15:14:33.773     2017449  FFFFFFEBB3FFF  D16,D17,D20,D24,D26
15:14:34.849     2018721  FFFFFFEFB3FFF  D16,D17,D20,D26
15:14:36.492     2020148  FFFFFFE7B3FFF  D16,D17,D20,D25,D26
15:14:36.492     2020150  FFFFFFF3B3FFF  D16,D17,D20,D24,D25
15:14:37.872     2021965  FFFFFFF7B3FFF  D16,D17,D20,D25
15:14:38.485     2022123  FFFFFFF793FFF  D16,D17,D19,D20,D25
15:14:38.485     2022126  FFFFFFF7D3FFF  D16,D17,D19,D25
15:14:41.945     2025574  FFFFFFF7D7FFF  D17,D19,D25
15:14:50.800     2034353  FFFFFFF7F7FFF  D17,D25
15:14:54.023     2037560  FFFFFFF7F7FFF  D17,D25
15:15:54.467     2097554  FFFFFFF7F7FFF  D17,D25
15:16:37.665     2140437  FFFFFFF7B7FFF  D17,D20,D25
15:16:38.711     2141470  FFFFFFF7B3FFF  D16,D17,D20,D25
15:16:42.791     2145440  FFFFFFF3B3FFF  D16,D17,D20,D24,D25
15:16:42.792     2145442  FFFFFFFBB3FFF  D16,D17,D20,D24
15:16:42.805     2145519  FFFFFFFBD3FFF  D16,D17,D19,D24
15:16:46.105     2148812  FFFFFFFBD7FFF  D17,D19,D24
15:16:54.916     2157556  FFFFFFFBD7FFF  D17,D19,D24
15:16:56.865     2159496  FFFFFFFBD3FFF  D16,D17,D19,D24
15:17:00.683     2163266  FFFFFFF3D3FFF  D16,D17,D19,D24,D25
15:17:00.683     2163268  FFFFFFF7D3FFF  D16,D17,D19,D25
15:17:02.664     2165252  FFFFFFF3D3FFF  D16,D17,D19,D24,D25
15:17:04.167     2166721  FFFFFFE3D3FFF  D16,D17,D19,D24,D25,D26
15:17:04.167     2166723  FFFFFFEFD3FFF  D16,D17,D19,D26
15:17:05.596     2168151  FFFFFFEBD3FFF  D16,D17,D19,D24,D26
15:17:06.921     2169460  FFFFFFE3D3FFF  D16,D17,D19,D24,D25,D26
15:17:06.921     2169462  FFFFFFE7D3FFF  D16,D17,D19,D25,D26
15:17:07.988     2170532  FFFFFFE3D3FFF  D16,D17,D19,D24,D25,D26
15:17:09.614     2172121  FFFFFFC3D3FFF  D16,D17,D19,D24,D25,D26,D27
15:17:09.614     2172123  FFFFFFDFD3FFF  D16,D17,D19,D27
15:17:12.628     2175135  FFFFFFDFD7FFF  D17,D19,D27
