# lift: 2

===== capture started 2026-08-30 15:54:06  lift=2  port=COM3 =====
--- armed, watch mode confirmed 15:54:10 ---
15:54:11.389        3293  FFFFFFF7F7FFF  D17,D25
15:54:24.753       16602  FFFFFFF7D7FFF  D17,D19,D25
15:54:38.193       29937  FFFFFFF7D3FFF  D16,D17,D19,D25
15:54:42.277       33985  FFFFFFF3D3FFF  D16,D17,D19,D24,D25
15:54:44.086       35782  FFFFFFE3D3FFF  D16,D17,D19,D24,D25,D26
15:54:44.087       35783  FFFFFFE7D3FFF  D16,D17,D19,D25,D26
15:54:44.087       35785  FFFFFFEFD3FFF  D16,D17,D19,D26
15:54:45.516       37200  FFFFFFEBD3FFF  D16,D17,D19,D24,D26
15:54:46.831       38510  FFFFFFE3D3FFF  D16,D17,D19,D24,D25,D26
15:54:46.831       38512  FFFFFFE7D3FFF  D16,D17,D19,D25,D26
15:54:47.881       39541  FFFFFFE3D3FFF  D16,D17,D19,D24,D25,D26
15:54:48.876       40535  FFFFFFC3D3FFF  D16,D17,D19,D24,D25,D26,D27
15:54:48.876       40537  FFFFFFC7D3FFF  D16,D17,D19,D25,D26,D27
15:54:48.876       40538  FFFFFFD7D3FFF  D16,D17,D19,D25,D27
15:54:48.876       40540  FFFFFFDFD3FFF  D16,D17,D19,D27
15:54:49.994       41645  FFFFFFDBD3FFF  D16,D17,D19,D24,D27
15:54:51.476       43114  FFFFFFD3D3FFF  D16,D17,D19,D24,D25,D27
15:54:51.476       43116  FFFFFFD7D3FFF  D16,D17,D19,D25,D27
15:54:52.959       44582  FFFFFFD3D3FFF  D16,D17,D19,D24,D25,D27
15:54:54.361       45972  FFFFFFC3D3FFF  D16,D17,D19,D24,D25,D26,D27
15:54:54.361       45974  FFFFFFC7D3FFF  D16,D17,D19,D25,D26,D27
15:54:54.361       45976  FFFFFFCFD3FFF  D16,D17,D19,D26,D27
15:54:55.554       47162  FFFFFFCBD3FFF  D16,D17,D19,D24,D26,D27
15:54:56.435       48035  FFFFFFC3D3FFF  D16,D17,D19,D24,D25,D26,D27
15:54:56.435       48037  FFFFFFC7D3FFF  D16,D17,D19,D25,D26,D27
15:54:57.352       48948  FFFFFFC3D3FFF  D16,D17,D19,D24,D25,D26,D27
15:54:58.279       49861  FFFFFF83D3FFF  D16,D17,D19,D24,D25,D26,D27,D28
15:54:58.279       49862  FFFFFF87D3FFF  D16,D17,D19,D25,D26,D27,D28
15:54:58.279       49865  FFFFFF97D3FFF  D16,D17,D19,D25,D27,D28
15:54:58.279       49867  FFFFFFBFD3FFF  D16,D17,D19,D28
15:54:59.194       50774  FFFFFFBBD3FFF  D16,D17,D19,D24,D28
15:55:00.123       51688  FFFFFFB3D3FFF  D16,D17,D19,D24,D25,D28
15:55:00.124       51690  FFFFFFB7D3FFF  D16,D17,D19,D25,D28
15:55:01.036       52599  FFFFFFB3D3FFF  D16,D17,D19,D24,D25,D28
15:55:01.949       53513  FFFFFFA3D3FFF  D16,D17,D19,D24,D25,D26,D28
15:55:01.950       53515  FFFFFFA7D3FFF  D16,D17,D19,D25,D26,D28
15:55:01.950       53517  FFFFFFAFD3FFF  D16,D17,D19,D26,D28
15:55:02.879       54425  FFFFFFABD3FFF  D16,D17,D19,D24,D26,D28
15:55:04.231       55776  FFFFFFA3D3FFF  D16,D17,D19,D24,D25,D26,D28
15:55:04.231       55777  FFFFFFA7D3FFF  D16,D17,D19,D25,D26,D28
15:55:05.639       57163  FFFFFFA3D3FFF  D16,D17,D19,D24,D25,D26,D28
15:55:06.510       58037  FFFFFF83D3FFF  D16,D17,D19,D24,D25,D26,D27,D28
15:55:06.510       58039  FFFFFF87D3FFF  D16,D17,D19,D25,D26,D27,D28
15:55:06.510       58041  FFFFFF97D3FFF  D16,D17,D19,D25,D27,D28
15:55:06.510       58043  FFFFFF9FD3FFF  D16,D17,D19,D27,D28
15:55:07.439       58949  FFFFFF9BD3FFF  D16,D17,D19,D24,D27,D28
15:55:08.361       59465  FFFFFF9BD3FFF  D16,D17,D19,D24,D27,D28
15:55:08.361       59864  FFFFFF93D3FFF  D16,D17,D19,D24,D25,D27,D28
15:55:08.361       59866  FFFFFF97D3FFF  D16,D17,D19,D25,D27,D28
15:55:09.267       60775  FFFFFF93D3FFF  D16,D17,D19,D24,D25,D27,D28
15:55:10.191       61689  FFFFFF83D3FFF  D16,D17,D19,D24,D25,D26,D27,D28
15:55:10.191       61690  FFFFFF87D3FFF  D16,D17,D19,D25,D26,D27,D28
15:55:10.191       61692  FFFFFF8FD3FFF  D16,D17,D19,D26,D27,D28
15:55:11.108       62601  FFFFFF8BD3FFF  D16,D17,D19,D24,D26,D27,D28
15:55:12.038       63515  FFFFFF83D3FFF  D16,D17,D19,D24,D25,D26,D27,D28
15:55:12.038       63517  FFFFFF87D3FFF  D16,D17,D19,D25,D26,D27,D28
15:55:13.034       64506  FFFFFF83D3FFF  D16,D17,D19,D24,D25,D26,D27,D28
15:55:14.559       66015  FFFFFF03D3FFF  D16,D17,D19,D24,D25,D26,D27,D28,D29
15:55:14.560       66017  FFFFFF07D3FFF  D16,D17,D19,D25,D26,D27,D28,D29
15:55:14.560       66019  FFFFFF17D3FFF  D16,D17,D19,D25,D27,D28,D29
15:55:14.560       66021  FFFFFF7FD3FFF  D16,D17,D19,D29
15:55:17.517       68951  FFFFFF7FD7FFF  D17,D19,D29
15:55:27.069       78438  FFFFFF7FD3FFF  D16,D17,D19,D29
15:55:30.352       81692  FFFFFF7BD3FFF  D16,D17,D19,D24,D29
15:55:31.875       83202  FFFFFF73D3FFF  D16,D17,D19,D24,D25,D29
15:55:31.875       83203  FFFFFF77D3FFF  D16,D17,D19,D25,D29
15:55:32.869       84192  FFFFFF73D3FFF  D16,D17,D19,D24,D25,D29
15:55:33.800       85106  FFFFFF63D3FFF  D16,D17,D19,D24,D25,D26,D29
15:55:33.800       85108  FFFFFF67D3FFF  D16,D17,D19,D25,D26,D29
15:55:33.800       85109  FFFFFF6FD3FFF  D16,D17,D19,D26,D29
15:55:34.716       86018  FFFFFF6BD3FFF  D16,D17,D19,D24,D26,D29
15:55:35.635       86931  FFFFFF63D3FFF  D16,D17,D19,D24,D25,D26,D29
15:55:35.635       86933  FFFFFF67D3FFF  D16,D17,D19,D25,D26,D29
15:55:36.553       87843  FFFFFF63D3FFF  D16,D17,D19,D24,D25,D26,D29
15:55:37.510       88797  FFFFFF43D3FFF  D16,D17,D19,D24,D25,D26,D27,D29
15:55:37.511       88799  FFFFFF47D3FFF  D16,D17,D19,D25,D26,D27,D29
15:55:37.511       88800  FFFFFF57D3FFF  D16,D17,D19,D25,D27,D29
15:55:37.511       88802  FFFFFF5FD3FFF  D16,D17,D19,D27,D29
15:55:38.477       89748  FFFFFF5BD3FFF  D16,D17,D19,D24,D27,D29
15:55:39.431       90702  FFFFFF53D3FFF  D16,D17,D19,D24,D25,D27,D29
15:55:39.431       90704  FFFFFF57D3FFF  D16,D17,D19,D25,D27,D29
15:55:40.395       91654  FFFFFF53D3FFF  D16,D17,D19,D24,D25,D27,D29
15:55:41.319       92567  FFFFFF43D3FFF  D16,D17,D19,D24,D25,D26,D27,D29
15:55:41.319       92569  FFFFFF47D3FFF  D16,D17,D19,D25,D26,D27,D29
15:55:41.319       92572  FFFFFF4FD3FFF  D16,D17,D19,D26,D27,D29
15:55:42.389       93638  FFFFFF4BD3FFF  D16,D17,D19,D24,D26,D27,D29
15:55:44.285       95306  FFFFFF43D3FFF  D16,D17,D19,D24,D25,D26,D27,D29
15:55:44.285       95308  FFFFFF47D3FFF  D16,D17,D19,D25,D26,D27,D29
15:55:44.285       95346  FFFFFF4793FFF  D16,D17,D19,D20,D25,D26,D27,D29
15:55:44.285       95508  FFFFFF47B3FFF  D16,D17,D20,D25,D26,D27,D29
15:55:47.466       98678  FFFFFF47B7FFF  D17,D20,D25,D26,D27,D29
15:55:58.075      109198  FFFFFF47B3FFF  D16,D17,D20,D25,D26,D27,D29
15:56:01.868      112967  FFFFFF43B3FFF  D16,D17,D20,D24,D25,D26,D27,D29
15:56:01.868      112971  FFFFFF4BB3FFF  D16,D17,D20,D24,D26,D27,D29
15:56:03.554      114636  FFFFFF4FB3FFF  D16,D17,D20,D26,D27,D29
15:56:04.590      115665  FFFFFF4BB3FFF  D16,D17,D20,D24,D26,D27,D29
15:56:04.590      115667  FFFFFF43B3FFF  D16,D17,D20,D24,D25,D26,D27,D29
15:56:04.590      115670  FFFFFF53B3FFF  D16,D17,D20,D24,D25,D27,D29
15:56:05.551      116620  FFFFFF57B3FFF  D16,D17,D20,D25,D27,D29
15:56:06.513      117571  FFFFFF53B3FFF  D16,D17,D20,D24,D25,D27,D29
15:56:06.513      117575  FFFFFF5BB3FFF  D16,D17,D20,D24,D27,D29
15:56:07.472      118525  FFFFFF5FB3FFF  D16,D17,D20,D27,D29
15:56:08.394      119033  FFFFFF5FB3FFF  D16,D17,D20,D27,D29
15:56:08.394      119437  FFFFFF5BB3FFF  D16,D17,D20,D24,D27,D29
15:56:08.394      119438  FFFFFF43B3FFF  D16,D17,D20,D24,D25,D26,D27,D29
15:56:08.395      119442  FFFFFF63B3FFF  D16,D17,D20,D24,D25,D26,D29
15:56:09.360      120391  FFFFFF67B3FFF  D16,D17,D20,D25,D26,D29
15:56:10.323      121341  FFFFFF63B3FFF  D16,D17,D20,D24,D25,D26,D29
15:56:10.323      121347  FFFFFF6BB3FFF  D16,D17,D20,D24,D26,D29
15:56:11.238      122257  FFFFFF6FB3FFF  D16,D17,D20,D26,D29
15:56:12.231      123246  FFFFFF6BB3FFF  D16,D17,D20,D24,D26,D29
15:56:12.231      123248  FFFFFF63B3FFF  D16,D17,D20,D24,D25,D26,D29
15:56:12.231      123250  FFFFFF73B3FFF  D16,D17,D20,D24,D25,D29
15:56:13.753      124756  FFFFFF77B3FFF  D16,D17,D20,D25,D29
15:56:16.587      127572  FFFFFF77B7FFF  D17,D20,D25,D29
15:56:25.398      136307  FFFFFF77F7FFF  D17,D25,D29
15:56:29.868      140750  FFFFFF77D7FFF  D17,D19,D25,D29
15:56:30.875      141744  FFFFFF77D3FFF  D16,D17,D19,D25,D29
15:56:34.148      144997  FFFFFF73D3FFF  D16,D17,D19,D24,D25,D29
15:56:35.641      146465  FFFFFF63D3FFF  D16,D17,D19,D24,D25,D26,D29
15:56:35.641      146467  FFFFFF67D3FFF  D16,D17,D19,D25,D26,D29
15:56:35.641      146469  FFFFFF6FD3FFF  D16,D17,D19,D26,D29
15:56:36.669      147496  FFFFFF6BD3FFF  D16,D17,D19,D24,D26,D29
15:56:37.600      148411  FFFFFF63D3FFF  D16,D17,D19,D24,D25,D26,D29
15:56:37.601      148413  FFFFFF67D3FFF  D16,D17,D19,D25,D26,D29
15:56:38.516      149322  FFFFFF63D3FFF  D16,D17,D19,D24,D25,D26,D29
15:56:39.477      150276  FFFFFF43D3FFF  D16,D17,D19,D24,D25,D26,D27,D29
15:56:39.477      150278  FFFFFF47D3FFF  D16,D17,D19,D25,D26,D27,D29
15:56:39.477      150280  FFFFFF5FD3FFF  D16,D17,D19,D27,D29
15:56:40.437      151228  FFFFFF5BD3FFF  D16,D17,D19,D24,D27,D29
15:56:41.401      152181  FFFFFF53D3FFF  D16,D17,D19,D24,D25,D27,D29
15:56:41.401      152182  FFFFFF57D3FFF  D16,D17,D19,D25,D27,D29
15:56:42.360      153133  FFFFFF53D3FFF  D16,D17,D19,D24,D25,D27,D29
15:56:43.274      154046  FFFFFF43D3FFF  D16,D17,D19,D24,D25,D26,D27,D29
15:56:43.274      154048  FFFFFF47D3FFF  D16,D17,D19,D25,D26,D27,D29
15:56:43.274      154050  FFFFFF4FD3FFF  D16,D17,D19,D26,D27,D29
15:56:44.359      155117  FFFFFF4BD3FFF  D16,D17,D19,D24,D26,D27,D29
15:56:46.361      156785  FFFFFF43D3FFF  D16,D17,D19,D24,D25,D26,D27,D29
15:56:46.361      156787  FFFFFF47D3FFF  D16,D17,D19,D25,D26,D27,D29
15:56:46.361      156944  FFFFFF4793FFF  D16,D17,D19,D20,D25,D26,D27,D29
15:56:46.361      157107  FFFFFF47B3FFF  D16,D17,D20,D25,D26,D27,D29
15:56:49.514      160237  FFFFFF47B7FFF  D17,D20,D25,D26,D27,D29
15:56:59.468      170123  FFFFFF47F7FFF  D17,D25,D26,D27,D29
15:57:04.609      175212  FFFFFF47B7FFF  D17,D20,D25,D26,D27,D29
15:57:05.586      176193  FFFFFF47B3FFF  D16,D17,D20,D25,D26,D27,D29
15:57:08.144      178729  FFFFFF47B3FFF  D16,D17,D20,D25,D26,D27,D29
15:57:09.391      179962  FFFFFF43B3FFF  D16,D17,D20,D24,D25,D26,D27,D29
15:57:09.391      179966  FFFFFF4BB3FFF  D16,D17,D20,D24,D26,D27,D29
15:57:11.073      181632  FFFFFF4FB3FFF  D16,D17,D20,D26,D27,D29
15:57:12.123      182662  FFFFFF4BB3FFF  D16,D17,D20,D24,D26,D27,D29
15:57:12.123      182664  FFFFFF43B3FFF  D16,D17,D20,D24,D25,D26,D27,D29
15:57:12.123      182666  FFFFFF53B3FFF  D16,D17,D20,D24,D25,D27,D29
15:57:13.076      183616  FFFFFF57B3FFF  D16,D17,D20,D25,D27,D29
15:57:14.043      184566  FFFFFF53B3FFF  D16,D17,D20,D24,D25,D27,D29
15:57:14.044      184570  FFFFFF5BB3FFF  D16,D17,D20,D24,D27,D29
15:57:14.998      185522  FFFFFF5FB3FFF  D16,D17,D20,D27,D29
15:57:15.913      186432  FFFFFF5BB3FFF  D16,D17,D20,D24,D27,D29
15:57:15.913      186434  FFFFFF43B3FFF  D16,D17,D20,D24,D25,D26,D27,D29
15:57:15.913      186437  FFFFFF63B3FFF  D16,D17,D20,D24,D25,D26,D29
15:57:16.877      187386  FFFFFF67B3FFF  D16,D17,D20,D25,D26,D29
15:57:17.845      188338  FFFFFF63B3FFF  D16,D17,D20,D24,D25,D26,D29
15:57:17.845      188342  FFFFFF6BB3FFF  D16,D17,D20,D24,D26,D29
15:57:18.714      189212  FFFFFF6FB3FFF  D16,D17,D20,D26,D29
15:57:19.643      190124  FFFFFF6BB3FFF  D16,D17,D20,D24,D26,D29
15:57:19.643      190126  FFFFFF63B3FFF  D16,D17,D20,D24,D25,D26,D29
15:57:19.643      190128  FFFFFF73B3FFF  D16,D17,D20,D24,D25,D29
15:57:20.560      191038  FFFFFF77B3FFF  D16,D17,D20,D25,D29
15:57:21.477      191949  FFFFFF73B3FFF  D16,D17,D20,D24,D25,D29
15:57:21.477      191952  FFFFFF7BB3FFF  D16,D17,D20,D24,D29
15:57:22.390      192864  FFFFFF7FB3FFF  D16,D17,D20,D29
15:57:23.315      193775  FFFFFF3BB3FFF  D16,D17,D20,D24,D28,D29
15:57:23.315      193776  FFFFFF03B3FFF  D16,D17,D20,D24,D25,D26,D27,D28,D29
15:57:23.315      193778  FFFFFF83B3FFF  D16,D17,D20,D24,D25,D26,D27,D28
15:57:24.233      194690  FFFFFF87B3FFF  D16,D17,D20,D25,D26,D27,D28
15:57:25.149      195600  FFFFFF83B3FFF  D16,D17,D20,D24,D25,D26,D27,D28
15:57:25.149      195604  FFFFFF8BB3FFF  D16,D17,D20,D24,D26,D27,D28
15:57:26.082      196515  FFFFFF8FB3FFF  D16,D17,D20,D26,D27,D28
15:57:26.952      197387  FFFFFF8BB3FFF  D16,D17,D20,D24,D26,D27,D28
15:57:26.952      197388  FFFFFF83B3FFF  D16,D17,D20,D24,D25,D26,D27,D28
15:57:26.952      197390  FFFFFF93B3FFF  D16,D17,D20,D24,D25,D27,D28
15:57:27.880      198301  FFFFFF97B3FFF  D16,D17,D20,D25,D27,D28
15:57:28.796      199212  FFFFFF93B3FFF  D16,D17,D20,D24,D25,D27,D28
15:57:28.796      199217  FFFFFF9BB3FFF  D16,D17,D20,D24,D27,D28
15:57:29.715      200127  FFFFFF9FB3FFF  D16,D17,D20,D27,D28
15:57:30.643      201037  FFFFFF9BB3FFF  D16,D17,D20,D24,D27,D28
15:57:30.644      201039  FFFFFF83B3FFF  D16,D17,D20,D24,D25,D26,D27,D28
15:57:30.644      201043  FFFFFFA3B3FFF  D16,D17,D20,D24,D25,D26,D28
15:57:31.561      201953  FFFFFFA7B3FFF  D16,D17,D20,D25,D26,D28
15:57:32.922      203299  FFFFFFA3B3FFF  D16,D17,D20,D24,D25,D26,D28
15:57:32.922      203304  FFFFFFABB3FFF  D16,D17,D20,D24,D26,D28
15:57:34.315      204691  FFFFFFAFB3FFF  D16,D17,D20,D26,D28
15:57:35.202      205562  FFFFFFABB3FFF  D16,D17,D20,D24,D26,D28
15:57:35.202      205564  FFFFFFA3B3FFF  D16,D17,D20,D24,D25,D26,D28
15:57:35.202      205566  FFFFFFB3B3FFF  D16,D17,D20,D24,D25,D28
15:57:36.118      206477  FFFFFFB7B3FFF  D16,D17,D20,D25,D28
15:57:37.037      207388  FFFFFFB3B3FFF  D16,D17,D20,D24,D25,D28
15:57:37.037      207392  FFFFFFBBB3FFF  D16,D17,D20,D24,D28
15:57:37.951      208303  FFFFFFBFB3FFF  D16,D17,D20,D28
15:57:38.880      209214  FFFFFFBBB3FFF  D16,D17,D20,D24,D28
15:57:38.880      209215  FFFFFF83B3FFF  D16,D17,D20,D24,D25,D26,D27,D28
15:57:38.880      209219  FFFFFFC3B3FFF  D16,D17,D20,D24,D25,D26,D27
15:57:39.791      210128  FFFFFFC7B3FFF  D16,D17,D20,D25,D26,D27
15:57:40.691      211010  FFFFFFC3B3FFF  D16,D17,D20,D24,D25,D26,D27
15:57:40.691      211014  FFFFFFCBB3FFF  D16,D17,D20,D24,D26,D27
15:57:41.599      211914  FFFFFFCFB3FFF  D16,D17,D20,D26,D27
15:57:42.792      213103  FFFFFFCBB3FFF  D16,D17,D20,D24,D26,D27
15:57:42.792      213105  FFFFFFC3B3FFF  D16,D17,D20,D24,D25,D26,D27
15:57:42.792      213107  FFFFFFD3B3FFF  D16,D17,D20,D24,D25,D27
15:57:44.687      214981  FFFFFFD7B3FFF  D16,D17,D20,D25,D27
15:57:47.961      218233  FFFFFFD7B7FFF  D17,D20,D25,D27
15:57:57.669      227869  FFFFFFD7B3FFF  D16,D17,D20,D25,D27
15:58:01.672      231836  FFFFFFD3B3FFF  D16,D17,D20,D24,D25,D27
15:58:01.672      231840  FFFFFFDBB3FFF  D16,D17,D20,D24,D27
15:58:03.518      233664  FFFFFFDFB3FFF  D16,D17,D20,D27
15:58:04.634      234774  FFFFFFDBB3FFF  D16,D17,D20,D24,D27
15:58:04.634      234775  FFFFFFC3B3FFF  D16,D17,D20,D24,D25,D26,D27
15:58:04.634      234779  FFFFFFE3B3FFF  D16,D17,D20,D24,D25,D26
15:58:05.670      235807  FFFFFFE7B3FFF  D16,D17,D20,D25,D26
15:58:06.679      236808  FFFFFFE3B3FFF  D16,D17,D20,D24,D25,D26
15:58:06.679      236812  FFFFFFEBB3FFF  D16,D17,D20,D24,D26
15:58:07.993      238109  FFFFFFEFB3FFF  D16,D17,D20,D26
15:58:08.503      238619  FFFFFFEFB3FFF  D16,D17,D20,D26
15:58:09.434      239537  FFFFFFEBB3FFF  D16,D17,D20,D24,D26
15:58:09.434      239538  FFFFFFE3B3FFF  D16,D17,D20,D24,D25,D26
15:58:09.434      239541  FFFFFFF3B3FFF  D16,D17,D20,D24,D25
15:58:11.310      241334  FFFFFFF7B3FFF  D16,D17,D20,D25
15:58:11.311      241402  FFFFFFF793FFF  D16,D17,D19,D20,D25
15:58:11.311      241404  FFFFFFF7D3FFF  D16,D17,D19,D25
15:58:14.870      244934  FFFFFFF7D7FFF  D17,D19,D25
15:58:23.650      253641  FFFFFFF7F7FFF  D17,D25
15:59:08.727      298373  FFFFFFF7F7FFF  D17,D25
16:00:09.153      358333  FFFFFFF7F7FFF  D17,D25
16:01:09.609      418310  FFFFFFF7F7FFF  D17,D25
16:01:24.306      432901  FFFFFFF7FFFFF  D25
16:01:25.000      433577  FFFFFFF7F7FFF  D17,D25
16:02:10.087      478320  FFFFFFF7F7FFF  D17,D25
16:03:10.085      537856  FFFFFFF7F7FFF  D17,D25
16:04:10.103      597408  FFFFFFF7F7FFF  D17,D25
16:05:10.607      657440  FFFFFFF7F7FFF  D17,D25
16:06:10.610      716979  FFFFFFF7F7FFF  D17,D25
16:07:11.036      776934  FFFFFFF7F7FFF  D17,D25
16:08:11.541      836971  FFFFFFF7F7FFF  D17,D25
16:09:11.966      896932  FFFFFFF7F7FFF  D17,D25
===== capture stopped 2026-08-30 16:09:47, 243 changes in 15.7 min =====
# lift: 2

