# lift: 2

===== capture started 2026-08-30 16:11:47  lift=2  port=COM3 =====
--- armed, watch mode confirmed 16:11:51 ---
16:11:52.552        3035  FFFFFF97B3FFF  D16,D17,D20,D25,D27,D28
16:11:52.552        3039  FFFFFF97B3FFF  D16,D17,D20,D25,D27,D28
16:11:52.552        3540  FFFFFF93B3FFF  D16,D17,D20,D24,D25,D27,D28
16:11:52.552        3545  FFFFFF9BB3FFF  D16,D17,D20,D24,D27,D28
16:11:53.481        4455  FFFFFF9FB3FFF  D16,D17,D20,D27,D28
16:11:54.404        5366  FFFFFF9BB3FFF  D16,D17,D20,D24,D27,D28
16:11:54.404        5368  FFFFFF83B3FFF  D16,D17,D20,D24,D25,D26,D27,D28
16:11:54.406        5372  FFFFFFA3B3FFF  D16,D17,D20,D24,D25,D26,D28
16:11:55.315        6281  FFFFFFA7B3FFF  D16,D17,D20,D25,D26,D28
16:11:56.670        7628  FFFFFFA3B3FFF  D16,D17,D20,D24,D25,D26,D28
16:11:56.670        7633  FFFFFFABB3FFF  D16,D17,D20,D24,D26,D28
16:11:58.078        9020  FFFFFFAFB3FFF  D16,D17,D20,D26,D28
16:11:58.956        9890  FFFFFFABB3FFF  D16,D17,D20,D24,D26,D28
16:11:58.957        9892  FFFFFFA3B3FFF  D16,D17,D20,D24,D25,D26,D28
16:11:58.957        9895  FFFFFFB3B3FFF  D16,D17,D20,D24,D25,D28
16:11:59.876       10806  FFFFFFB7B3FFF  D16,D17,D20,D25,D28
16:12:00.794       11717  FFFFFFB3B3FFF  D16,D17,D20,D24,D25,D28
16:12:00.794       11721  FFFFFFBBB3FFF  D16,D17,D20,D24,D28
16:12:01.709       12632  FFFFFFBFB3FFF  D16,D17,D20,D28
16:12:02.642       13542  FFFFFFBBB3FFF  D16,D17,D20,D24,D28
16:12:02.642       13544  FFFFFF83B3FFF  D16,D17,D20,D24,D25,D26,D27,D28
16:12:02.642       13547  FFFFFFC3B3FFF  D16,D17,D20,D24,D25,D26,D27
16:12:03.558       14457  FFFFFFC7B3FFF  D16,D17,D20,D25,D26,D27
16:12:04.475       15368  FFFFFFC3B3FFF  D16,D17,D20,D24,D25,D26,D27
16:12:04.475       15373  FFFFFFCBB3FFF  D16,D17,D20,D24,D26,D27
16:12:05.346       16243  FFFFFFCFB3FFF  D16,D17,D20,D26,D27
16:12:06.559       17432  FFFFFFCBB3FFF  D16,D17,D20,D24,D26,D27
16:12:06.584       17434  FFFFFFC3B3FFF  D16,D17,D20,D24,D25,D26,D27
16:12:06.584       17436  FFFFFFD3B3FFF  D16,D17,D20,D24,D25,D27
16:12:07.952       18823  FFFFFFD7B3FFF  D16,D17,D20,D25,D27
16:12:09.439       20289  FFFFFFD3B3FFF  D16,D17,D20,D24,D25,D27
16:12:09.439       20294  FFFFFFDBB3FFF  D16,D17,D20,D24,D27
16:12:10.911       21760  FFFFFFDFB3FFF  D16,D17,D20,D27
16:12:12.034       22870  FFFFFFDBB3FFF  D16,D17,D20,D24,D27
16:12:12.043       22872  FFFFFFC3B3FFF  D16,D17,D20,D24,D25,D26,D27
16:12:12.043       22876  FFFFFFE3B3FFF  D16,D17,D20,D24,D25,D26
16:12:13.036       23864  FFFFFFE7B3FFF  D16,D17,D20,D25,D26
16:12:14.076       24894  FFFFFFE3B3FFF  D16,D17,D20,D24,D25,D26
16:12:14.077       24899  FFFFFFEBB3FFF  D16,D17,D20,D24,D26
16:12:15.397       26206  FFFFFFEFB3FFF  D16,D17,D20,D26
16:12:16.835       27632  FFFFFFEBB3FFF  D16,D17,D20,D24,D26
16:12:16.835       27634  FFFFFFE3B3FFF  D16,D17,D20,D24,D25,D26
16:12:16.836       27636  FFFFFFF3B3FFF  D16,D17,D20,D24,D25
16:12:18.312       29103  FFFFFFF7B3FFF  D16,D17,D20,D25
16:12:20.436       31085  FFFFFFF3B3FFF  D16,D17,D20,D24,D25
16:12:20.436       31090  FFFFFFFBB3FFF  D16,D17,D20,D24
16:12:20.436       31206  FFFFFFFB93FFF  D16,D17,D19,D20,D24
16:12:20.436       31207  FFFFFFFBD3FFF  D16,D17,D19,D24
16:12:23.671       34419  FFFFFFFBD7FFF  D17,D19,D24
16:12:33.350       44024  FFFFFFFBD3FFF  D16,D17,D19,D24
16:12:37.312       47954  FFFFFFF3D3FFF  D16,D17,D19,D24,D25
16:12:37.312       47956  FFFFFFF7D3FFF  D16,D17,D19,D25
16:12:40.834       51445  FFFFFFF7D7FFF  D17,D19,D25
16:12:48.476       59037  FFFFFFF7D7FFF  D17,D19,D25
16:12:53.152       63672  FFFFFFF7D3FFF  D16,D17,D19,D25
16:12:57.238       67719  FFFFFFF3D3FFF  D16,D17,D19,D24,D25
16:12:59.041       69506  FFFFFFE3D3FFF  D16,D17,D19,D24,D25,D26
16:12:59.041       69508  FFFFFFE7D3FFF  D16,D17,D19,D25,D26
16:12:59.041       69510  FFFFFFEFD3FFF  D16,D17,D19,D26
16:13:00.473       70934  FFFFFFEBD3FFF  D16,D17,D19,D24,D26
16:13:01.790       72245  FFFFFFE3D3FFF  D16,D17,D19,D24,D25,D26
16:13:01.790       72247  FFFFFFE7D3FFF  D16,D17,D19,D25,D26
16:13:02.787       73236  FFFFFFE3D3FFF  D16,D17,D19,D24,D25,D26
16:13:03.841       74268  FFFFFFC3D3FFF  D16,D17,D19,D24,D25,D26,D27
16:13:03.852       74270  FFFFFFC7D3FFF  D16,D17,D19,D25,D26,D27
16:13:03.852       74272  FFFFFFD7D3FFF  D16,D17,D19,D25,D27
16:13:03.852       74274  FFFFFFDFD3FFF  D16,D17,D19,D27
16:13:04.952       75379  FFFFFFDBD3FFF  D16,D17,D19,D24,D27
16:13:06.428       76849  FFFFFFD3D3FFF  D16,D17,D19,D24,D25,D27
16:13:06.428       76851  FFFFFFD7D3FFF  D16,D17,D19,D25,D27
16:13:07.869       78276  FFFFFFD3D3FFF  D16,D17,D19,D24,D25,D27
16:13:09.312       79706  FFFFFFC3D3FFF  D16,D17,D19,D24,D25,D26,D27
16:13:09.313       79708  FFFFFFC7D3FFF  D16,D17,D19,D25,D26,D27
16:13:09.313       79710  FFFFFFCFD3FFF  D16,D17,D19,D26,D27
16:13:10.506       80896  FFFFFFCBD3FFF  D16,D17,D19,D24,D26,D27
16:13:11.390       81770  FFFFFFC3D3FFF  D16,D17,D19,D24,D25,D26,D27
16:13:11.390       81772  FFFFFFC7D3FFF  D16,D17,D19,D25,D26,D27
16:13:12.307       82682  FFFFFFC3D3FFF  D16,D17,D19,D24,D25,D26,D27
16:13:13.240       83595  FFFFFF83D3FFF  D16,D17,D19,D24,D25,D26,D27,D28
16:13:13.240       83597  FFFFFF87D3FFF  D16,D17,D19,D25,D26,D27,D28
16:13:13.240       83599  FFFFFF97D3FFF  D16,D17,D19,D25,D27,D28
16:13:13.240       83600  FFFFFFBFD3FFF  D16,D17,D19,D28
16:13:14.157       84507  FFFFFFBBD3FFF  D16,D17,D19,D24,D28
16:13:15.069       85422  FFFFFFB3D3FFF  D16,D17,D19,D24,D25,D28
16:13:15.069       85423  FFFFFFB7D3FFF  D16,D17,D19,D25,D28
16:13:15.991       86334  FFFFFFB3D3FFF  D16,D17,D19,D24,D25,D28
16:13:16.923       87246  FFFFFFA3D3FFF  D16,D17,D19,D24,D25,D26,D28
16:13:16.923       87248  FFFFFFA7D3FFF  D16,D17,D19,D25,D26,D28
16:13:16.923       87251  FFFFFFAFD3FFF  D16,D17,D19,D26,D28
16:13:17.795       88120  FFFFFFABD3FFF  D16,D17,D19,D24,D26,D28
16:13:19.195       89510  FFFFFFA3D3FFF  D16,D17,D19,D24,D25,D26,D28
16:13:19.196       89511  FFFFFFA7D3FFF  D16,D17,D19,D25,D26,D28
16:13:20.675       90977  FFFFFFA3D3FFF  D16,D17,D19,D24,D25,D26,D28
16:13:22.163       92446  FFFFFF83D3FFF  D16,D17,D19,D24,D25,D26,D27,D28
16:13:22.163       92448  FFFFFF87D3FFF  D16,D17,D19,D25,D26,D27,D28
16:13:22.163       92450  FFFFFF97D3FFF  D16,D17,D19,D25,D27,D28
16:13:22.163       92451  FFFFFF9FD3FFF  D16,D17,D19,D27,D28
16:13:25.146       95423  FFFFFF9FD7FFF  D17,D19,D27,D28
16:13:34.708      104909  FFFFFF9FD3FFF  D16,D17,D19,D27,D28
16:13:38.029      108203  FFFFFF9BD3FFF  D16,D17,D19,D24,D27,D28
16:13:39.520      109672  FFFFFF93D3FFF  D16,D17,D19,D24,D25,D27,D28
16:13:39.521      109674  FFFFFF97D3FFF  D16,D17,D19,D25,D27,D28
16:13:40.544      110703  FFFFFF93D3FFF  D16,D17,D19,D24,D25,D27,D28
16:13:41.470      111617  FFFFFF83D3FFF  D16,D17,D19,D24,D25,D26,D27,D28
16:13:41.470      111619  FFFFFF87D3FFF  D16,D17,D19,D25,D26,D27,D28
16:13:41.470      111621  FFFFFF8FD3FFF  D16,D17,D19,D26,D27,D28
16:13:42.398      112529  FFFFFF8BD3FFF  D16,D17,D19,D24,D26,D27,D28
16:13:43.317      113443  FFFFFF83D3FFF  D16,D17,D19,D24,D25,D26,D27,D28
16:13:43.317      113444  FFFFFF87D3FFF  D16,D17,D19,D25,D26,D27,D28
16:13:44.230      114355  FFFFFF83D3FFF  D16,D17,D19,D24,D25,D26,D27,D28
16:13:45.152      115268  FFFFFF03D3FFF  D16,D17,D19,D24,D25,D26,D27,D28,D29
16:13:45.152      115270  FFFFFF07D3FFF  D16,D17,D19,D25,D26,D27,D28,D29
16:13:45.152      115272  FFFFFF17D3FFF  D16,D17,D19,D25,D27,D28,D29
16:13:45.152      115274  FFFFFF7FD3FFF  D16,D17,D19,D29
16:13:46.076      116180  FFFFFF7BD3FFF  D16,D17,D19,D24,D29
16:13:46.990      117094  FFFFFF73D3FFF  D16,D17,D19,D24,D25,D29
16:13:46.990      117096  FFFFFF77D3FFF  D16,D17,D19,D25,D29
16:13:47.879      117966  FFFFFF73D3FFF  D16,D17,D19,D24,D25,D29
16:13:48.804      118881  FFFFFF63D3FFF  D16,D17,D19,D24,D25,D26,D29
16:13:48.832      118882  FFFFFF67D3FFF  D16,D17,D19,D25,D26,D29
16:13:48.833      118884  FFFFFF6FD3FFF  D16,D17,D19,D26,D29
16:13:49.706      119430  FFFFFF6FD3FFF  D16,D17,D19,D26,D29
16:13:49.706      119792  FFFFFF6BD3FFF  D16,D17,D19,D24,D26,D29
16:13:50.639      120706  FFFFFF63D3FFF  D16,D17,D19,D24,D25,D26,D29
16:13:50.639      120708  FFFFFF67D3FFF  D16,D17,D19,D25,D26,D29
16:13:51.558      121618  FFFFFF63D3FFF  D16,D17,D19,D24,D25,D26,D29
16:13:52.523      122571  FFFFFF43D3FFF  D16,D17,D19,D24,D25,D26,D27,D29
16:13:52.524      122572  FFFFFF47D3FFF  D16,D17,D19,D25,D26,D27,D29
16:13:52.524      122574  FFFFFF57D3FFF  D16,D17,D19,D25,D27,D29
16:13:52.524      122576  FFFFFF5FD3FFF  D16,D17,D19,D27,D29
16:13:53.474      123523  FFFFFF5BD3FFF  D16,D17,D19,D24,D27,D29
16:13:54.433      124476  FFFFFF53D3FFF  D16,D17,D19,D24,D25,D27,D29
16:13:54.433      124478  FFFFFF57D3FFF  D16,D17,D19,D25,D27,D29
16:13:55.391      125428  FFFFFF53D3FFF  D16,D17,D19,D24,D25,D27,D29
16:13:56.323      126342  FFFFFF43D3FFF  D16,D17,D19,D24,D25,D26,D27,D29
16:13:56.323      126344  FFFFFF47D3FFF  D16,D17,D19,D25,D26,D27,D29
16:13:56.323      126346  FFFFFF4FD3FFF  D16,D17,D19,D26,D27,D29
16:13:57.392      127413  FFFFFF4BD3FFF  D16,D17,D19,D24,D26,D27,D29
16:13:59.318      129081  FFFFFF43D3FFF  D16,D17,D19,D24,D25,D26,D27,D29
16:13:59.318      129082  FFFFFF47D3FFF  D16,D17,D19,D25,D26,D27,D29
16:13:59.318      129160  FFFFFF4793FFF  D16,D17,D19,D20,D25,D26,D27,D29
16:13:59.318      129323  FFFFFF47B3FFF  D16,D17,D20,D25,D26,D27,D29
16:14:02.507      132493  FFFFFF47B7FFF  D17,D20,D25,D26,D27,D29
16:14:13.478      143369  FFFFFF47B3FFF  D16,D17,D20,D25,D26,D27,D29
16:14:17.476      147337  FFFFFF43B3FFF  D16,D17,D20,D24,D25,D26,D27,D29
16:14:17.476      147342  FFFFFF4BB3FFF  D16,D17,D20,D24,D26,D27,D29
16:14:20.918      150750  FFFFFF4BB7FFF  D17,D20,D24,D26,D27,D29
16:14:29.433      159206  FFFFFF4BB3FFF  D16,D17,D20,D24,D26,D27,D29
16:14:32.999      162739  FFFFFF4FB3FFF  D16,D17,D20,D26,D27,D29
16:14:34.571      164295  FFFFFF4BB3FFF  D16,D17,D20,D24,D26,D27,D29
16:14:34.571      164297  FFFFFF43B3FFF  D16,D17,D20,D24,D25,D26,D27,D29
16:14:34.571      164298  FFFFFF53B3FFF  D16,D17,D20,D24,D25,D27,D29
16:14:35.554      165278  FFFFFF57B3FFF  D16,D17,D20,D25,D27,D29
16:14:36.523      166228  FFFFFF53B3FFF  D16,D17,D20,D24,D25,D27,D29
16:14:36.533      166234  FFFFFF5BB3FFF  D16,D17,D20,D24,D27,D29
16:14:37.465      167184  FFFFFF5FB3FFF  D16,D17,D20,D27,D29
16:14:38.442      168134  FFFFFF5BB3FFF  D16,D17,D20,D24,D27,D29
16:14:38.442      168136  FFFFFF43B3FFF  D16,D17,D20,D24,D25,D26,D27,D29
16:14:38.442      168140  FFFFFF63B3FFF  D16,D17,D20,D24,D25,D26,D29
16:14:39.389      169089  FFFFFF67B3FFF  D16,D17,D20,D25,D26,D29
16:14:40.320      170000  FFFFFF63B3FFF  D16,D17,D20,D24,D25,D26,D29
16:14:40.321      170005  FFFFFF6BB3FFF  D16,D17,D20,D24,D26,D29
16:14:41.235      170914  FFFFFF6FB3FFF  D16,D17,D20,D26,D29
16:14:42.108      171786  FFFFFF6BB3FFF  D16,D17,D20,D24,D26,D29
16:14:42.108      171788  FFFFFF63B3FFF  D16,D17,D20,D24,D25,D26,D29
16:14:42.108      171790  FFFFFF73B3FFF  D16,D17,D20,D24,D25,D29
16:14:43.073      172740  FFFFFF77B3FFF  D16,D17,D20,D25,D29
16:14:43.961      173612  FFFFFF73B3FFF  D16,D17,D20,D24,D25,D29
16:14:43.961      173616  FFFFFF7BB3FFF  D16,D17,D20,D24,D29
16:14:44.880      174526  FFFFFF7FB3FFF  D16,D17,D20,D29
16:14:45.797      175437  FFFFFF2BB3FFF  D16,D17,D20,D24,D26,D28,D29
16:14:45.797      175439  FFFFFF03B3FFF  D16,D17,D20,D24,D25,D26,D27,D28,D29
16:14:45.797      175441  FFFFFF83B3FFF  D16,D17,D20,D24,D25,D26,D27,D28
16:14:46.715      176352  FFFFFF87B3FFF  D16,D17,D20,D25,D26,D27,D28
16:14:47.628      177263  FFFFFF83B3FFF  D16,D17,D20,D24,D25,D26,D27,D28
16:14:47.628      177267  FFFFFF8BB3FFF  D16,D17,D20,D24,D26,D27,D28
16:14:48.557      178178  FFFFFF8FB3FFF  D16,D17,D20,D26,D27,D28
16:14:49.474      179089  FFFFFF8BB3FFF  D16,D17,D20,D24,D26,D27,D28
16:14:49.474      179091  FFFFFF83B3FFF  D16,D17,D20,D24,D25,D26,D27,D28
16:14:49.474      179093  FFFFFF93B3FFF  D16,D17,D20,D24,D25,D27,D28
16:14:50.393      179601  FFFFFF93B3FFF  D16,D17,D20,D24,D25,D27,D28
16:14:50.393      180003  FFFFFF97B3FFF  D16,D17,D20,D25,D27,D28
16:14:51.280      180875  FFFFFF93B3FFF  D16,D17,D20,D24,D25,D27,D28
16:14:51.280      180879  FFFFFF9BB3FFF  D16,D17,D20,D24,D27,D28
16:14:52.189      181789  FFFFFF9FB3FFF  D16,D17,D20,D27,D28
16:14:53.130      182711  FFFFFF9BB3FFF  D16,D17,D20,D24,D27,D28
16:14:53.130      182713  FFFFFF83B3FFF  D16,D17,D20,D24,D25,D26,D27,D28
16:14:53.130      182716  FFFFFFA3B3FFF  D16,D17,D20,D24,D25,D26,D28
16:14:54.035      183615  FFFFFFA7B3FFF  D16,D17,D20,D25,D26,D28
16:14:55.391      184964  FFFFFFA3B3FFF  D16,D17,D20,D24,D25,D26,D28
16:14:55.391      184968  FFFFFFABB3FFF  D16,D17,D20,D24,D26,D28
16:14:56.786      186354  FFFFFFAFB3FFF  D16,D17,D20,D26,D28
16:14:57.722      187265  FFFFFFABB3FFF  D16,D17,D20,D24,D26,D28
16:14:57.722      187267  FFFFFFA3B3FFF  D16,D17,D20,D24,D25,D26,D28
16:14:57.722      187269  FFFFFFB3B3FFF  D16,D17,D20,D24,D25,D28
16:14:58.588      188140  FFFFFFB7B3FFF  D16,D17,D20,D25,D28
16:14:59.516      189051  FFFFFFB3B3FFF  D16,D17,D20,D24,D25,D28
16:14:59.516      189056  FFFFFFBBB3FFF  D16,D17,D20,D24,D28
16:15:00.434      189966  FFFFFFBFB3FFF  D16,D17,D20,D28
16:15:01.349      190877  FFFFFF9BB3FFF  D16,D17,D20,D24,D27,D28
16:15:01.349      190878  FFFFFF83B3FFF  D16,D17,D20,D24,D25,D26,D27,D28
16:15:01.349      190881  FFFFFFC3B3FFF  D16,D17,D20,D24,D25,D26,D27
16:15:02.267      191792  FFFFFFC7B3FFF  D16,D17,D20,D25,D26,D27
16:15:03.203      192703  FFFFFFC3B3FFF  D16,D17,D20,D24,D25,D26,D27
16:15:03.203      192707  FFFFFFCBB3FFF  D16,D17,D20,D24,D26,D27
16:15:04.108      193617  FFFFFFCFB3FFF  D16,D17,D20,D26,D27
16:15:05.290      194777  FFFFFFCBB3FFF  D16,D17,D20,D24,D26,D27
16:15:05.291      194779  FFFFFFC3B3FFF  D16,D17,D20,D24,D25,D26,D27
16:15:05.291      194780  FFFFFFD3B3FFF  D16,D17,D20,D24,D25,D27
16:15:06.707      196197  FFFFFFD7B3FFF  D16,D17,D20,D25,D27
16:15:08.193      197663  FFFFFFD3B3FFF  D16,D17,D20,D24,D25,D27
16:15:08.194      197667  FFFFFFDBB3FFF  D16,D17,D20,D24,D27
16:15:09.625      199094  FFFFFFDFB3FFF  D16,D17,D20,D27
16:15:10.760      200204  FFFFFFDBB3FFF  D16,D17,D20,D24,D27
16:15:10.760      200206  FFFFFFC3B3FFF  D16,D17,D20,D24,D25,D26,D27
16:15:10.760      200209  FFFFFFE3B3FFF  D16,D17,D20,D24,D25,D26
16:15:11.798      201238  FFFFFFE7B3FFF  D16,D17,D20,D25,D26
16:15:12.794      202228  FFFFFFE3B3FFF  D16,D17,D20,D24,D25,D26
16:15:12.794      202232  FFFFFFEBB3FFF  D16,D17,D20,D24,D26
16:15:14.115      203540  FFFFFFEFB3FFF  D16,D17,D20,D26
16:15:15.559      204966  FFFFFFEBB3FFF  D16,D17,D20,D24,D26
16:15:15.559      204968  FFFFFFE3B3FFF  D16,D17,D20,D24,D25,D26
16:15:15.559      204971  FFFFFFF3B3FFF  D16,D17,D20,D24,D25
16:15:17.393      206754  FFFFFFF7B3FFF  D16,D17,D20,D25
16:15:17.393      206793  FFFFFFF793FFF  D16,D17,D19,D20,D25
16:15:17.393      206795  FFFFFFF7D3FFF  D16,D17,D19,D25
16:15:20.943      210324  FFFFFFF7D7FFF  D17,D19,D25
16:15:29.723      219022  FFFFFFF7F7FFF  D17,D25
16:15:50.234      239381  FFFFFFF7F7FFF  D17,D25
16:16:44.910      293636  FFFFFFF7D7FFF  D17,D19,D25
16:16:50.533      299218  FFFFFFF7D7FFF  D17,D19,D25
16:16:58.466      307090  FFFFFFF7D3FFF  D16,D17,D19,D25
16:17:02.567      311147  FFFFFFF3D3FFF  D16,D17,D19,D24,D25
16:17:04.357      312924  FFFFFFE3D3FFF  D16,D17,D19,D24,D25,D26
16:17:04.357      312926  FFFFFFE7D3FFF  D16,D17,D19,D25,D26
16:17:04.357      312928  FFFFFFEFD3FFF  D16,D17,D19,D26
16:17:05.797      314352  FFFFFFEBD3FFF  D16,D17,D19,D24,D26
16:17:07.116      315663  FFFFFFE3D3FFF  D16,D17,D19,D24,D25,D26
16:17:07.116      315665  FFFFFFE7D3FFF  D16,D17,D19,D25,D26
16:17:08.114      316664  FFFFFFE3D3FFF  D16,D17,D19,D24,D25,D26
16:17:09.152      317686  FFFFFFC3D3FFF  D16,D17,D19,D24,D25,D26,D27
16:17:09.152      317688  FFFFFFC7D3FFF  D16,D17,D19,D25,D26,D27
16:17:09.152      317690  FFFFFFD7D3FFF  D16,D17,D19,D25,D27
16:17:09.152      317692  FFFFFFDFD3FFF  D16,D17,D19,D27
16:17:10.266      318797  FFFFFFDBD3FFF  D16,D17,D19,D24,D27
16:17:11.756      320267  FFFFFFD3D3FFF  D16,D17,D19,D24,D25,D27
16:17:11.756      320269  FFFFFFD7D3FFF  D16,D17,D19,D25,D27
16:17:13.241      321744  FFFFFFD3D3FFF  D16,D17,D19,D24,D25,D27
16:17:14.631      323124  FFFFFFC3D3FFF  D16,D17,D19,D24,D25,D26,D27
16:17:14.632      323126  FFFFFFC7D3FFF  D16,D17,D19,D25,D26,D27
16:17:14.632      323129  FFFFFFCFD3FFF  D16,D17,D19,D26,D27
16:17:15.842      324325  FFFFFFCBD3FFF  D16,D17,D19,D24,D26,D27
16:17:16.717      325188  FFFFFFC3D3FFF  D16,D17,D19,D24,D25,D26,D27
16:17:16.717      325190  FFFFFFC7D3FFF  D16,D17,D19,D25,D26,D27
16:17:17.632      326100  FFFFFFC3D3FFF  D16,D17,D19,D24,D25,D26,D27
16:17:18.571      327024  FFFFFF83D3FFF  D16,D17,D19,D24,D25,D26,D27,D28
16:17:18.571      327025  FFFFFF87D3FFF  D16,D17,D19,D25,D26,D27,D28
16:17:18.571      327028  FFFFFF9FD3FFF  D16,D17,D19,D27,D28
16:17:18.571      327030  FFFFFFBFD3FFF  D16,D17,D19,D28
16:17:19.487      327937  FFFFFFBBD3FFF  D16,D17,D19,D24,D28
16:17:20.386      328840  FFFFFFB3D3FFF  D16,D17,D19,D24,D25,D28
16:17:20.387      328842  FFFFFFB7D3FFF  D16,D17,D19,D25,D28
16:17:21.305      329752  FFFFFFB3D3FFF  D16,D17,D19,D24,D25,D28
